
R version 2.15.2 (2012-10-26) -- "Trick or Treat"
Copyright (C) 2012 The R Foundation for Statistical Computing
ISBN 3-900051-07-0
Platform: x86_64-unknown-linux-gnu (64-bit)

R is free software and comes with ABSOLUTELY NO WARRANTY.
You are welcome to redistribute it under certain conditions.
Type 'license()' or 'licence()' for distribution details.

  Natural language support but running in an English locale

R is a collaborative project with many contributors.
Type 'contributors()' for more information and
'citation()' on how to cite R or R packages in publications.

Type 'demo()' for some demos, 'help()' for on-line help, or
'help.start()' for an HTML browser interface to help.
Type 'q()' to quit R.

[Previously saved workspace restored]

> # http://labs.genetics.ucla.edu/horvath/CoexpressionNetwork/ModulePreservation/Tutorials/simulation-PPInetworks.pdf
> unlink(".RData")
> library(qvalue)
Loading Tcl/Tk interface ... done
Warning message:
In fun(libname, pkgname) : no DISPLAY variable so Tk is not available
> library(WGCNA)
Loading required package: dynamicTreeCut
Loading required package: flashClust

Attaching package: 'flashClust'

The following object(s) are masked from 'package:stats':

    hclust

Loading required package: Hmisc
Loading required package: grid
Loading required package: lattice
Loading required package: survival
Loading required package: Formula

Attaching package: 'Hmisc'

The following object(s) are masked from 'package:base':

    format.pval, round.POSIXt, trunc.POSIXt, units

==========================================================================
*
*  Package WGCNA 1.34 loaded.
*
*    Important note: It appears that your system supports multi-threading,
*    but it is not enabled within WGCNA in R. 
*    To allow multi-threading within WGCNA with all available cores, use 
*
*          allowWGCNAThreads()
*
*    within R. Use disableWGCNAThreads() to disable threading if necessary.
*    Alternatively, set the following environment variable on your system:
*
*          ALLOW_WGCNA_THREADS=<number_of_processors>
*
*    for example 
*
*          ALLOW_WGCNA_THREADS=64
*
*    To set the environment variable in linux bash shell, type 
*
*           export ALLOW_WGCNA_THREADS=64
*
*     before running R. Other operating systems or shells will
*     have a similar command to achieve the same aim.
*
==========================================================================



Attaching package: 'WGCNA'

The following object(s) are masked from 'package:qvalue':

    qvalue

The following object(s) are masked from 'package:stats':

    cor

> options(stringsAsFactors = FALSE)
> enableWGCNAThreads()
Allowing parallel execution with up to 63 working processes.
> 
> # objects names are the same and we will overwrite here! 
> load(file="GeneTree_and_dynamicColors_USA_high.RData")
> geneTree_high <- geneTree_USA
> dynamicColors_high <- dynamicColors_USA 
> 
> load(file="GeneTree_and_dynamicColors_USA_low.RData")
> geneTree_low <- geneTree_USA
> dynamicColors_low <- dynamicColors_USA 
> 
> 
> load(file="mergedColors_low.RData")
> str(mergedColors_low)
 chr [1:10439] "brown" "royalblue" "royalblue" "red" "blue" ...
> load(file="mergedColors_high.RData")
> str(mergedColors_high)
 chr [1:10439] "royalblue" "blue" "blue" "pink" "purple" ...
> 
> #import data low
> # Part 1 Importing library, data we need setting up original directory-------------------------------
> dir_original <- getwd()  # remember to bring it back after you introduce new directory
> 
> # Importing data, text = average intensities of DE genes - from contrasts (any), fdr less then 5 %  -------------------------------
> # 8 replicates each, for low data
> my_data <- read.table("normalized_intens_all_genes.txt", header=T)
> my_data_low <- my_data[, c(1, 8:13, 20:25, 32:37, 44:49)] 
> dim(my_data_low) # 63265 25
[1] 24679    25
> 
> # Add vector for adjusting the gene set we will use for analysis, e.g. DE genes only 
> DE_genes_low <- read.table("AllContrasts_DEgenelists_q005_all_in_one.txt")
> dim(DE_genes_low)  # 38316 1
[1] 10439     1
> DE_genes_low_unique <- unique(DE_genes_low)
> dim(DE_genes_low_unique) # 12119
[1] 10439     1
> DE_genes_low_unique_vector <- DE_genes_low_unique[1:dim(DE_genes_low_unique)[1],] # 12119 DE genes - combining all 3 contrasts
> length(DE_genes_low_unique_vector) # 12119
[1] 10439
> head(DE_genes_low_unique_vector, 10)
 [1] "GENE:JGI_V11_100036" "GENE:JGI_V11_100066" "GENE:JGI_V11_100070"
 [4] "GENE:JGI_V11_100082" "GENE:JGI_V11_100137" "GENE:JGI_V11_100142"
 [7] "GENE:JGI_V11_100180" "GENE:JGI_V11_100198" "GENE:JGI_V11_100200"
[10] "GENE:JGI_V11_100207"
> 
> # Match genes of interest with whole data set
> matched_geneIDs_low <- my_data_low[match(DE_genes_low_unique_vector, 
+   my_data_low$gene), ]
> dim(matched_geneIDs_low)  # 12119    25
[1] 10439    25
> 
> low_data <- matched_geneIDs_low
> dim(low_data) # 12119    25
[1] 10439    25
> 
> # Remove subset [1:100] for computing  -------------------------------
> #my_data_low <- low_data[1:500,] # adjust
> my_data_low <- low_data
> 
> # Make-up -------------------------------
> my_low_data <- my_data_low[,c(-1)] 
> rownames(my_low_data) <- my_data_low[,1]
> str(my_low_data) # must be data frame
'data.frame':	10439 obs. of  24 variables:
 $ M1_LP  : num  448 3313 4366 466 823 ...
 $ M1_LP.1: num  560 3299 5426 517 670 ...
 $ M1_LP.2: num  348 1916 938 628 648 ...
 $ M1_LP.3: num  362 1756 886 698 744 ...
 $ M1_LP.4: num  353 3468 3942 651 760 ...
 $ M1_LP.5: num  364 1868 1055 685 683 ...
 $ A2_LP  : num  523 2971 4181 584 190 ...
 $ A2_LP.1: num  503 2358 3623 669 200 ...
 $ A2_LP.2: num  417 4754 5907 771 332 ...
 $ A2_LP.3: num  456 5491 5871 820 226 ...
 $ A2_LP.4: num  368 2119 2429 968 318 ...
 $ A2_LP.5: num  481 4354 3490 745 191 ...
 $ A1_LP  : num  802 575 504 1049 200 ...
 $ A1_LP.1: num  879 589 631 1598 236 ...
 $ A1_LP.2: num  507 2471 2801 1192 242 ...
 $ A1_LP.3: num  603 2765 3174 1052 265 ...
 $ A1_LP.4: num  847 624 479 1322 196 ...
 $ A1_LP.5: num  611 2424 2890 1087 261 ...
 $ M2_LP  : num  415 2183 1694 1065 1442 ...
 $ M2_LP.1: num  473 2173 1693 700 1656 ...
 $ M2_LP.2: num  460 1186 580 1084 854 ...
 $ M2_LP.3: num  359 1130 532 1353 795 ...
 $ M2_LP.4: num  483 1759 1109 1106 1792 ...
 $ M2_LP.5: num  541 979 629 1040 681 ...
> 
> # Transpose data for correlations -------------------------------
> datExpr1_low <- as.data.frame(t(my_low_data))
> 
> 
> # Import data high -------------------------------------------------------
> # Part 1 Importing library, data we need setting up original directory-------------------------------
> my_data <- read.table("normalized_intens_all_genes.txt", header=T)
> my_data_high <- my_data[, c(1:7, 14:19, 26:31, 38:43)] 
> dim(my_data_high) # 63265 25
[1] 24679    25
> 
> # Add vector for adjusting the gene set we will use for analysis, e.g. DE genes only 
> DE_genes_high <- read.table("AllContrasts_DEgenelists_q005_all_in_one.txt")
> dim(DE_genes_high)  # 38316 1
[1] 10439     1
> DE_genes_high_unique <- unique(DE_genes_high)
> dim(DE_genes_high_unique) # 12119
[1] 10439     1
> DE_genes_high_unique_vector <- DE_genes_high_unique[1:dim(DE_genes_high_unique)[1],] # 12119 DE genes - combining all 3 contrasts
> length(DE_genes_high_unique_vector) # 12119
[1] 10439
> head(DE_genes_high_unique_vector, 10)
 [1] "GENE:JGI_V11_100036" "GENE:JGI_V11_100066" "GENE:JGI_V11_100070"
 [4] "GENE:JGI_V11_100082" "GENE:JGI_V11_100137" "GENE:JGI_V11_100142"
 [7] "GENE:JGI_V11_100180" "GENE:JGI_V11_100198" "GENE:JGI_V11_100200"
[10] "GENE:JGI_V11_100207"
> 
> # Match genes of interest with whole data set
> matched_geneIDs_high <- my_data_high[match(DE_genes_high_unique_vector, 
+   my_data_high$gene), ]
> dim(matched_geneIDs_high)  # 12119    25
[1] 10439    25
> 
> high_data <- matched_geneIDs_high
> dim(high_data) # 12119    25
[1] 10439    25
> 
> # Remove subset [1:100] for computing  -------------------------------
> #my_data_high <- high_data[1:500,] #adjust
> my_data_high <- high_data
> 
> # Make-up -------------------------------
> my_high_data <- my_data_high[,c(-1)] 
> rownames(my_high_data) <- my_data_high[,1]
> str(my_high_data) # must be data frame
'data.frame':	10439 obs. of  24 variables:
 $ M1_HP  : num  336 1560 841 474 2473 ...
 $ M1_HP.1: num  425 1272 1204 477 473 ...
 $ M1_HP.2: num  378 2673 3017 502 389 ...
 $ M1_HP.3: num  312 3561 3216 476 450 ...
 $ M1_HP.4: num  415 1145 1009 541 460 ...
 $ M1_HP.5: num  254 2315 3378 547 228 ...
 $ A2_HP  : num  405 3491 3602 417 226 ...
 $ A2_HP.1: num  519 4278 5502 579 214 ...
 $ A2_HP.2: num  432 2612 2986 419 202 ...
 $ A2_HP.3: num  303 3316 4214 415 161 ...
 $ A2_HP.4: num  457 4103 3957 595 238 ...
 $ A2_HP.5: num  214 2010 3506 372 198 ...
 $ A1_HP  : num  545 1395 722 731 218 ...
 $ A1_HP.1: num  490 1029 786 949 201 ...
 $ A1_HP.2: num  416 1505 2835 435 284 ...
 $ A1_HP.3: num  454 1158 1966 503 313 ...
 $ A1_HP.4: num  489 1342 765 932 222 ...
 $ A1_HP.5: num  215 1227 1731 194 214 ...
 $ M2_HP  : num  395 4428 5815 682 478 ...
 $ M2_HP.1: num  382 6153 5666 528 720 ...
 $ M2_HP.2: num  316 4967 7445 530 830 ...
 $ M2_HP.3: num  323 5235 8594 767 741 ...
 $ M2_HP.4: num  411 4718 5572 794 482 ...
 $ M2_HP.5: num  389 3613 6679 351 880 ...
> 
> # Transpose data for correlations -------------------------------
> datExpr1_high <- as.data.frame(t(my_high_data))
>   
> # # Number of data sets that we work with ---------------------------------
> nSets = 2  # this is 2 networks! 
> # Object that will contain the expression data
> multiExpr = list()
> multiExpr[[1]] = list(data = datExpr1_low)   # low datExpr
> multiExpr[[2]] = list(data = datExpr1_high)   # high datExpr
> 
> # Names for the two sets
> setLabels = c("Low", "High")
> # Important: components of multiExpr must carry identificating names
> names(multiExpr) <- setLabels
> # Display the dimensions of the expression data (if you are confused by this construct, ignore it):
> lapply(multiExpr, lapply, dim)  # they  need to be matching
$Low
$Low$data
[1]    24 10439


$High
$High$data
[1]    24 10439


> 
> # Loading of module labels ------------------------------------------------
> colorLow <- mergedColors_low
> ### inNetwork <- colorLow != "grey" #change to grey or get new file
> 
> ### Creating inNetwork logical vector
> imc_high <- read.table("Intramodular connectivity_high.txt", header=T)
> imc_low <- read.table("Intramodular connectivity_low.txt", header=T)
> 
> dim(imc_high) == dim(imc_low)
[1] TRUE TRUE
> dim(imc_high) 
[1] 10439     4
> 
> cutoff <- 0  # can be adjusted for highly connected genes
> 
> vect1 <- imc_high$kTotal > cutoff
> table(vect1 <- imc_high$kTotal > cutoff)

 TRUE 
10439 
> 
> vect2 <- imc_low$kTotal > cutoff
> table(vect2 <- imc_low$kTotal > cutoff)

 TRUE 
10439 
> 
> pdf("2001_Histogram of kTotal for high and low with cut of zero.pdf")
> hist(imc_high$kTotal[vect1])
> hist(imc_low$kTotal[vect2])
> dev.off()
null device 
          1 
> #
> 
> inNetwork <- imc_high$kTotal > cutoff | imc_low$kTotal > cutoff
> table(inNetwork)
inNetwork
 TRUE 
10439 
> 
> pdf("2001_Histogram of kTotal for high or low bigger then zero in one of the network.pdf")
> par(mfrow=c(2,1))
> hist(imc_high$kTotal[inNetwork], xlim=c(0, 700))
> hist(imc_low$kTotal[inNetwork], xlim=c(0, 700))
> dev.off()
null device 
          1 
> #
> 
> unique(colorLow)
 [1] "brown"         "royalblue"     "red"           "blue"         
 [5] "magenta"       "lightgreen"    "green"         "tan"          
 [9] "darkgreen"     "black"         "grey60"        "turquoise"    
[13] "purple"        "midnightblue"  "lightyellow"   "darkturquoise"
[17] "cyan"          "darkred"      
> length(colorLow)
[1] 10439
> 
> colorHigh <- mergedColors_high
> 
> length(colorHigh)
[1] 10439
> unique(colorHigh)
 [1] "royalblue"     "blue"          "pink"          "purple"       
 [5] "turquoise"     "darkgrey"      "lightyellow"   "lightcyan"    
 [9] "brown"         "yellow"        "darkorange"    "black"        
[13] "darkred"       "tan"           "cyan"          "red"          
[17] "lightgreen"    "greenyellow"   "grey60"        "midnightblue" 
[21] "darkgreen"     "darkturquoise" "salmon"        "orange"       
> 
> length(colorHigh) == length(colorLow)  # TRUE ok!
[1] TRUE
> 
> #colorList <- list(colorLow, colorHigh)
> #names(colorList) <- setLabels
> 
> 
> colorList_LowHigh <- list(colorLow, colorHigh)
> 
> names(colorList_LowHigh) <- setLabels
> 
> ## Network 1 is low and Network 2 is high
> # Match  identified modules to the reference labels
> colorList_refhigh = list()
> for (set in 1:nSets) {
+   colorList_refhigh[[set]] = matchLabels(colorList_LowHigh[[set]], reference = colorHigh)
+ }
> #
> 
> colorList_reflow = list()
> for (set in 1:nSets) {
+   colorList_reflow[[set]] = matchLabels(colorList_LowHigh[[set]], reference = colorLow)
+ }
> #
> 
> 
> # Calculation of module preservation statistics ---------------------------
> #my_perm <- 1
> my_perm <- 200   #  adjust to 200 in original script and 1 for tests
> #mp <- modulePreservation(multiExpr, 
> #                         colorList_refhigh, dataIsExpr = T, networkType = 'signed',
> #referenceNetworks = c(1:2), loadPermutedStatistics = FALSE, 
> #nPermutations = my_perm, verbose = 3,  calculateQvalue = T, calculateClusterCoeff = T, greyName = T, )
> #referenceNetwork means that set 1 is a reference first and then set 2 is a reference 
> 
> mp <- modulePreservation(multiExpr,
+                          colorList_refhigh, # once could test  colorList = c(colorList_refhigh, colorList_reflow)
+                          dataIsExpr = T,
+                          networkType = 'signed',
+                          referenceNetworks = c(1:2),
+                          loadPermutedStatistics = FALSE,
+                          nPermutations = my_perm,
+                          calculateQvalue = T,       # This should be set T
+                          calculateClusterCoeff = T,   # This should be set T
+                          greyName = T,
+                          verbose = 3, maxModuleSize = 5000)
  ..checking data for excessive amounts of missing data..
     Flagging genes and samples with too many missing values...
      ..step 1
     Flagging genes and samples with too many missing values...
      ..step 1
  ..unassigned 'module' name: TRUE 
  ..all network sample 'module' name: gold
  ..calculating observed preservation values
  ..calculating permutation Z scores
 ..Working with set 1 as reference set
 ....working with set 2 as test set
  ......working on permutation 1
  ......working on permutation 2
  ......working on permutation 3
  ......working on permutation 4
  ......working on permutation 5
  ......working on permutation 6
  ......working on permutation 7
  ......working on permutation 8
  ......working on permutation 9
  ......working on permutation 10
  ......working on permutation 11
  ......working on permutation 12
  ......working on permutation 13
  ......working on permutation 14
  ......working on permutation 15
  ......working on permutation 16
  ......working on permutation 17
  ......working on permutation 18
  ......working on permutation 19
  ......working on permutation 20
  ......working on permutation 21
  ......working on permutation 22
  ......working on permutation 23
  ......working on permutation 24
  ......working on permutation 25
  ......working on permutation 26
  ......working on permutation 27
  ......working on permutation 28
  ......working on permutation 29
  ......working on permutation 30
  ......working on permutation 31
  ......working on permutation 32
  ......working on permutation 33
  ......working on permutation 34
  ......working on permutation 35
  ......working on permutation 36
  ......working on permutation 37
  ......working on permutation 38
  ......working on permutation 39
  ......working on permutation 40
  ......working on permutation 41
  ......working on permutation 42
  ......working on permutation 43
  ......working on permutation 44
  ......working on permutation 45
  ......working on permutation 46
  ......working on permutation 47
  ......working on permutation 48
  ......working on permutation 49
  ......working on permutation 50
  ......working on permutation 51
  ......working on permutation 52
  ......working on permutation 53
  ......working on permutation 54
  ......working on permutation 55
  ......working on permutation 56
  ......working on permutation 57
  ......working on permutation 58
  ......working on permutation 59
  ......working on permutation 60
  ......working on permutation 61
  ......working on permutation 62
  ......working on permutation 63
  ......working on permutation 64
  ......working on permutation 65
  ......working on permutation 66
  ......working on permutation 67
  ......working on permutation 68
  ......working on permutation 69
  ......working on permutation 70
  ......working on permutation 71
  ......working on permutation 72
  ......working on permutation 73
  ......working on permutation 74
  ......working on permutation 75
  ......working on permutation 76
  ......working on permutation 77
  ......working on permutation 78
  ......working on permutation 79
  ......working on permutation 80
  ......working on permutation 81
  ......working on permutation 82
  ......working on permutation 83
  ......working on permutation 84
  ......working on permutation 85
  ......working on permutation 86
  ......working on permutation 87
  ......working on permutation 88
  ......working on permutation 89
  ......working on permutation 90
  ......working on permutation 91
  ......working on permutation 92
  ......working on permutation 93
  ......working on permutation 94
  ......working on permutation 95
  ......working on permutation 96
  ......working on permutation 97
  ......working on permutation 98
  ......working on permutation 99
  ......working on permutation 100
  ......working on permutation 101
  ......working on permutation 102
  ......working on permutation 103
  ......working on permutation 104
  ......working on permutation 105
  ......working on permutation 106
  ......working on permutation 107
  ......working on permutation 108
  ......working on permutation 109
  ......working on permutation 110
  ......working on permutation 111
  ......working on permutation 112
  ......working on permutation 113
  ......working on permutation 114
  ......working on permutation 115
  ......working on permutation 116
  ......working on permutation 117
  ......working on permutation 118
  ......working on permutation 119
  ......working on permutation 120
  ......working on permutation 121
  ......working on permutation 122
  ......working on permutation 123
  ......working on permutation 124
  ......working on permutation 125
  ......working on permutation 126
  ......working on permutation 127
  ......working on permutation 128
  ......working on permutation 129
  ......working on permutation 130
  ......working on permutation 131
  ......working on permutation 132
  ......working on permutation 133
  ......working on permutation 134
  ......working on permutation 135
  ......working on permutation 136
  ......working on permutation 137
  ......working on permutation 138
  ......working on permutation 139
  ......working on permutation 140
  ......working on permutation 141
  ......working on permutation 142
  ......working on permutation 143
  ......working on permutation 144
  ......working on permutation 145
  ......working on permutation 146
  ......working on permutation 147
  ......working on permutation 148
  ......working on permutation 149
  ......working on permutation 150
  ......working on permutation 151
  ......working on permutation 152
  ......working on permutation 153
  ......working on permutation 154
  ......working on permutation 155
  ......working on permutation 156
  ......working on permutation 157
  ......working on permutation 158
  ......working on permutation 159
  ......working on permutation 160
  ......working on permutation 161
  ......working on permutation 162
  ......working on permutation 163
  ......working on permutation 164
  ......working on permutation 165
  ......working on permutation 166
  ......working on permutation 167
  ......working on permutation 168
  ......working on permutation 169
  ......working on permutation 170
  ......working on permutation 171
  ......working on permutation 172
  ......working on permutation 173
  ......working on permutation 174
  ......working on permutation 175
  ......working on permutation 176
  ......working on permutation 177
  ......working on permutation 178
  ......working on permutation 179
  ......working on permutation 180
  ......working on permutation 181
  ......working on permutation 182
  ......working on permutation 183
  ......working on permutation 184
  ......working on permutation 185
  ......working on permutation 186
  ......working on permutation 187
  ......working on permutation 188
  ......working on permutation 189
  ......working on permutation 190
  ......working on permutation 191
  ......working on permutation 192
  ......working on permutation 193
  ......working on permutation 194
  ......working on permutation 195
  ......working on permutation 196
  ......working on permutation 197
  ......working on permutation 198
  ......working on permutation 199
  ......working on permutation 200
 ..Working with set 2 as reference set
 ....working with set 1 as test set
  ......working on permutation 1
  ......working on permutation 2
  ......working on permutation 3
  ......working on permutation 4
  ......working on permutation 5
  ......working on permutation 6
  ......working on permutation 7
  ......working on permutation 8
  ......working on permutation 9
  ......working on permutation 10
  ......working on permutation 11
  ......working on permutation 12
  ......working on permutation 13
  ......working on permutation 14
  ......working on permutation 15
  ......working on permutation 16
  ......working on permutation 17
  ......working on permutation 18
  ......working on permutation 19
  ......working on permutation 20
  ......working on permutation 21
  ......working on permutation 22
  ......working on permutation 23
  ......working on permutation 24
  ......working on permutation 25
  ......working on permutation 26
  ......working on permutation 27
  ......working on permutation 28
  ......working on permutation 29
  ......working on permutation 30
  ......working on permutation 31
  ......working on permutation 32
  ......working on permutation 33
  ......working on permutation 34
  ......working on permutation 35
  ......working on permutation 36
  ......working on permutation 37
  ......working on permutation 38
  ......working on permutation 39
  ......working on permutation 40
  ......working on permutation 41
  ......working on permutation 42
  ......working on permutation 43
  ......working on permutation 44
  ......working on permutation 45
  ......working on permutation 46
  ......working on permutation 47
  ......working on permutation 48
  ......working on permutation 49
  ......working on permutation 50
  ......working on permutation 51
  ......working on permutation 52
  ......working on permutation 53
  ......working on permutation 54
  ......working on permutation 55
  ......working on permutation 56
  ......working on permutation 57
  ......working on permutation 58
  ......working on permutation 59
  ......working on permutation 60
  ......working on permutation 61
  ......working on permutation 62
  ......working on permutation 63
  ......working on permutation 64
  ......working on permutation 65
  ......working on permutation 66
  ......working on permutation 67
  ......working on permutation 68
  ......working on permutation 69
  ......working on permutation 70
  ......working on permutation 71
  ......working on permutation 72
  ......working on permutation 73
  ......working on permutation 74
  ......working on permutation 75
  ......working on permutation 76
  ......working on permutation 77
  ......working on permutation 78
  ......working on permutation 79
  ......working on permutation 80
  ......working on permutation 81
  ......working on permutation 82
  ......working on permutation 83
  ......working on permutation 84
  ......working on permutation 85
  ......working on permutation 86
  ......working on permutation 87
  ......working on permutation 88
  ......working on permutation 89
  ......working on permutation 90
  ......working on permutation 91
  ......working on permutation 92
  ......working on permutation 93
  ......working on permutation 94
  ......working on permutation 95
  ......working on permutation 96
  ......working on permutation 97
  ......working on permutation 98
  ......working on permutation 99
  ......working on permutation 100
  ......working on permutation 101
  ......working on permutation 102
  ......working on permutation 103
  ......working on permutation 104
  ......working on permutation 105
  ......working on permutation 106
  ......working on permutation 107
  ......working on permutation 108
  ......working on permutation 109
  ......working on permutation 110
  ......working on permutation 111
  ......working on permutation 112
  ......working on permutation 113
  ......working on permutation 114
  ......working on permutation 115
  ......working on permutation 116
  ......working on permutation 117
  ......working on permutation 118
  ......working on permutation 119
  ......working on permutation 120
  ......working on permutation 121
  ......working on permutation 122
  ......working on permutation 123
  ......working on permutation 124
  ......working on permutation 125
  ......working on permutation 126
  ......working on permutation 127
  ......working on permutation 128
  ......working on permutation 129
  ......working on permutation 130
  ......working on permutation 131
  ......working on permutation 132
  ......working on permutation 133
  ......working on permutation 134
  ......working on permutation 135
  ......working on permutation 136
  ......working on permutation 137
  ......working on permutation 138
  ......working on permutation 139
  ......working on permutation 140
  ......working on permutation 141
  ......working on permutation 142
  ......working on permutation 143
  ......working on permutation 144
  ......working on permutation 145
  ......working on permutation 146
  ......working on permutation 147
  ......working on permutation 148
  ......working on permutation 149
  ......working on permutation 150
  ......working on permutation 151
  ......working on permutation 152
  ......working on permutation 153
  ......working on permutation 154
  ......working on permutation 155
  ......working on permutation 156
  ......working on permutation 157
  ......working on permutation 158
  ......working on permutation 159
  ......working on permutation 160
  ......working on permutation 161
  ......working on permutation 162
  ......working on permutation 163
  ......working on permutation 164
  ......working on permutation 165
  ......working on permutation 166
  ......working on permutation 167
  ......working on permutation 168
  ......working on permutation 169
  ......working on permutation 170
  ......working on permutation 171
  ......working on permutation 172
  ......working on permutation 173
  ......working on permutation 174
  ......working on permutation 175
  ......working on permutation 176
  ......working on permutation 177
  ......working on permutation 178
  ......working on permutation 179
  ......working on permutation 180
  ......working on permutation 181
  ......working on permutation 182
  ......working on permutation 183
  ......working on permutation 184
  ......working on permutation 185
  ......working on permutation 186
  ......working on permutation 187
  ......working on permutation 188
  ......working on permutation 189
  ......working on permutation 190
  ......working on permutation 191
  ......working on permutation 192
  ......working on permutation 193
  ......working on permutation 194
  ......working on permutation 195
  ......working on permutation 196
  ......working on permutation 197
  ......working on permutation 198
  ......working on permutation 199
  ......working on permutation 200
Warning in modulePreservation: qvalue calculation failed for column 2 for reference set 1 and test set 2
Warning in modulePreservation: qvalue calculation failed for column 3 for reference set 1 and test set 2
Warning in modulePreservation: qvalue calculation failed for column 4 for reference set 1 and test set 2
Warning in modulePreservation: qvalue calculation failed for column 5 for reference set 1 and test set 2
Warning in modulePreservation: qvalue calculation failed for column 6 for reference set 1 and test set 2
Warning in modulePreservation: qvalue calculation failed for column 7 for reference set 1 and test set 2
Warning in modulePreservation: qvalue calculation failed for column 8 for reference set 1 and test set 2
Warning in modulePreservation: qvalue calculation failed for column 2 for reference set 2 and test set 1
Warning in modulePreservation: qvalue calculation failed for column 3 for reference set 2 and test set 1
Warning in modulePreservation: qvalue calculation failed for column 4 for reference set 2 and test set 1
Warning in modulePreservation: qvalue calculation failed for column 5 for reference set 2 and test set 1
Warning in modulePreservation: qvalue calculation failed for column 6 for reference set 2 and test set 1
Warning in modulePreservation: qvalue calculation failed for column 7 for reference set 2 and test set 1
Warning in modulePreservation: qvalue calculation failed for column 8 for reference set 2 and test set 1
Warning in modulePreservation: qvalue calculation failed for column 2 for reference set 1 and test set 2
Warning in modulePreservation: qvalue calculation failed for column 3 for reference set 1 and test set 2
Warning in modulePreservation: qvalue calculation failed for column 4 for reference set 1 and test set 2
Warning in modulePreservation: qvalue calculation failed for column 6 for reference set 1 and test set 2
Warning in modulePreservation: qvalue calculation failed for column 7 for reference set 1 and test set 2
Warning in modulePreservation: qvalue calculation failed for column 11 for reference set 1 and test set 2
Warning in modulePreservation: qvalue calculation failed for column 13 for reference set 1 and test set 2
Warning in modulePreservation: qvalue calculation failed for column 14 for reference set 1 and test set 2
Warning in modulePreservation: qvalue calculation failed for column 15 for reference set 1 and test set 2
Warning in modulePreservation: qvalue calculation failed for column 16 for reference set 1 and test set 2
Warning in modulePreservation: qvalue calculation failed for column 2 for reference set 2 and test set 1
Warning in modulePreservation: qvalue calculation failed for column 3 for reference set 2 and test set 1
Warning in modulePreservation: qvalue calculation failed for column 4 for reference set 2 and test set 1
Warning in modulePreservation: qvalue calculation failed for column 7 for reference set 2 and test set 1
Warning in modulePreservation: qvalue calculation failed for column 13 for reference set 2 and test set 1
Warning in modulePreservation: qvalue calculation failed for column 14 for reference set 2 and test set 1
Warning in modulePreservation: qvalue calculation failed for column 16 for reference set 2 and test set 1
Warning in modulePreservation: qvalue calculation failed for column 2 for reference set 1 and test set 2
Warning in modulePreservation: qvalue calculation failed for column 2 for reference set 2 and test set 1
Warning in modulePreservation: qvalue calculation failed for column 2 for reference set 1 and test set 2
Warning in modulePreservation: qvalue calculation failed for column 2 for reference set 2 and test set 1
Warning in modulePreservation: qvalue calculation failed for column 2 for reference set 1 and test set 2
Warning in modulePreservation: qvalue calculation failed for column 3 for reference set 1 and test set 2
Warning in modulePreservation: qvalue calculation failed for column 4 for reference set 1 and test set 2
Warning in modulePreservation: qvalue calculation failed for column 2 for reference set 2 and test set 1
Warning in modulePreservation: qvalue calculation failed for column 3 for reference set 2 and test set 1
Warning in modulePreservation: qvalue calculation failed for column 4 for reference set 2 and test set 1
> 
> 
> str(mp)
List of 6
 $ quality              :List of 5
  ..$ observed :List of 2
  .. ..$ ref.Low :List of 2
  .. .. ..$ inColumnsAlsoPresentIn.Low : logi NA
  .. .. ..$ inColumnsAlsoPresentIn.High:'data.frame':	19 obs. of  8 variables:
  .. .. .. ..$ moduleSize              : num [1:19] 1065 951 1349 1125 364 ...
  .. .. .. ..$ medianRank.qual         : num [1:19] 17.5 13 7.5 15 12 11 1 9 19 17.5 ...
  .. .. .. ..$ propVarExplained.qual   : num [1:19] 0.511 0.554 0.6 0.551 0.567 ...
  .. .. .. ..$ meanSignAwareKME.qual   : num [1:19] 0.7 0.727 0.755 0.725 0.742 ...
  .. .. .. ..$ meanSignAwareCorDat.qual: num [1:19] 0.49 0.529 0.57 0.526 0.55 ...
  .. .. .. ..$ meanAdj.qual            : num [1:19] 0.0693 0.0986 0.1285 0.0883 0.0984 ...
  .. .. .. ..$ meanClusterCoeff.qual   : num [1:19] 0.127 0.19 0.242 0.152 0.165 ...
  .. .. .. ..$ meanMAR.qual            : num [1:19] 0.156 0.207 0.23 0.172 0.203 ...
  .. ..$ ref.High:List of 2
  .. .. ..$ inColumnsAlsoPresentIn.Low :'data.frame':	25 obs. of  8 variables:
  .. .. .. ..$ moduleSize              : num [1:25] 502 925 1303 915 181 ...
  .. .. .. ..$ medianRank.qual         : num [1:25] 18 11.5 18 20 3.5 5 7 1 10 25 ...
  .. .. .. ..$ propVarExplained.qual   : num [1:25] 0.462 0.495 0.467 0.455 0.54 ...
  .. .. .. ..$ meanSignAwareKME.qual   : num [1:25] 0.65 0.683 0.649 0.649 0.724 ...
  .. .. .. ..$ meanSignAwareCorDat.qual: num [1:25] 0.422 0.466 0.421 0.421 0.522 ...
  .. .. .. ..$ meanAdj.qual            : num [1:25] 0.0601 0.0689 0.064 0.0577 0.0864 ...
  .. .. .. ..$ meanClusterCoeff.qual   : num [1:25] 0.142 0.149 0.149 0.134 0.155 ...
  .. .. .. ..$ meanMAR.qual            : num [1:25] 0.155 0.165 0.162 0.157 0.197 ...
  .. .. ..$ inColumnsAlsoPresentIn.High: logi NA
  ..$ Z        :List of 2
  .. ..$ ref.Low :List of 2
  .. .. ..$ inColumnsAlsoPresentIn.Low : logi NA
  .. .. ..$ inColumnsAlsoPresentIn.High:'data.frame':	19 obs. of  8 variables:
  .. .. .. ..$ moduleSize                : num [1:19] 1065 951 1349 1125 364 ...
  .. .. .. ..$ Zsummary.qual             : num [1:19] 47 67.5 107.8 68.5 39.5 ...
  .. .. .. ..$ Z.propVarExplained.qual   : num [1:19] 26.3 31.5 45.1 36.2 18.7 ...
  .. .. .. ..$ Z.meanSignAwareKME.qual   : num [1:19] 24.8 27.6 37.2 32.4 16.7 ...
  .. .. .. ..$ Z.meanSignAwareCorDat.qual: num [1:19] 381 368 470 376 197 ...
  .. .. .. ..$ Z.meanAdj.qual            : num [1:19] 67.7 103.5 170.6 100.8 60.2 ...
  .. .. .. ..$ Z.meanClusterCoeff.qual   : num [1:19] 4.51 20.1 39.45 12.42 8.14 ...
  .. .. .. ..$ Z.meanMAR.qual            : num [1:19] 0.678 14.858 24.643 6.088 8.382 ...
  .. ..$ ref.High:List of 2
  .. .. ..$ inColumnsAlsoPresentIn.Low :'data.frame':	25 obs. of  8 variables:
  .. .. .. ..$ moduleSize                : num [1:25] 502 925 1303 915 181 ...
  .. .. .. ..$ Zsummary.qual             : num [1:25] 65.8 115.8 111.1 85.8 52.9 ...
  .. .. .. ..$ Z.propVarExplained.qual   : num [1:25] 29.6 47.9 47.4 37 20.9 ...
  .. .. .. ..$ Z.meanSignAwareKME.qual   : num [1:25] 25.7 41.8 40.6 33.3 19 ...
  .. .. .. ..$ Z.meanSignAwareCorDat.qual: num [1:25] 343 576 715 577 182 ...
  .. .. .. ..$ Z.meanAdj.qual            : num [1:25] 102 183.8 174.9 134.5 84.9 ...
  .. .. .. ..$ Z.meanClusterCoeff.qual   : num [1:25] 18.5 32.5 33.8 25.2 12 ...
  .. .. .. ..$ Z.meanMAR.qual            : num [1:25] 11.9 22.4 21.7 17.9 12.4 ...
  .. .. ..$ inColumnsAlsoPresentIn.High: logi NA
  ..$ log.p    :List of 2
  .. ..$ ref.Low :List of 2
  .. .. ..$ inColumnsAlsoPresentIn.Low : logi NA
  .. .. ..$ inColumnsAlsoPresentIn.High:'data.frame':	19 obs. of  8 variables:
  .. .. .. ..$ moduleSize                    : num [1:19] 1065 951 1349 1125 364 ...
  .. .. .. ..$ log.psummary.qual             : num [1:19] -575 -1273 -3383 -1247 -433 ...
  .. .. .. ..$ log.p.propVarExplained.qual   : num [1:19] -151.7 -217.8 -443.3 -286.9 -77.8 ...
  .. .. .. ..$ log.p.meanSignAwareKME.qual   : num [1:19] -135 -168 -303 -230 -62 ...
  .. .. .. ..$ log.p.meanSignAwareCorDat.qual: num [1:19] -31560 -29421 -48045 -30736 -8430 ...
  .. .. .. ..$ log.p.meanAdj.qual            : num [1:19] -999 -2329 -6322 -2208 -789 ...
  .. .. .. ..$ log.p.meanClusterCoeff.qual   : num [1:19] -5.5 -89.4 -340 -35 -15.7 ...
  .. .. .. ..$ log.p.meanMAR.qual            : num [1:19] -0.604 -49.509 -133.655 -9.242 -16.586 ...
  .. ..$ ref.High:List of 2
  .. .. ..$ inColumnsAlsoPresentIn.Low :'data.frame':	25 obs. of  8 variables:
  .. .. .. ..$ moduleSize                    : num [1:25] 502 925 1303 915 181 ...
  .. .. .. ..$ log.psummary.qual             : num [1:25] -1228 -3919 -3566 -2114 -832 ...
  .. .. .. ..$ log.p.propVarExplained.qual   : num [1:25] -192.2 -499.8 -489.9 -299.9 -96.6 ...
  .. .. .. ..$ log.p.meanSignAwareKME.qual   : num [1:25] -145 -382 -360 -243 -80 ...
  .. .. .. ..$ log.p.meanSignAwareCorDat.qual: num [1:25] -25545 -72023 -110904 -72306 -7176 ...
  .. .. .. ..$ log.p.meanAdj.qual            : num [1:25] -2264 -7338 -6642 -3928 -1567 ...
  .. .. .. ..$ log.p.meanClusterCoeff.qual   : num [1:25] -76 -230.8 -250.6 -139.4 -32.5 ...
  .. .. .. ..$ log.p.meanMAR.qual            : num [1:25] -32.1 -110.7 -103.9 -71.4 -35 ...
  .. .. ..$ inColumnsAlsoPresentIn.High: logi NA
  ..$ log.pBonf:List of 2
  .. ..$ ref.Low :List of 2
  .. .. ..$ inColumnsAlsoPresentIn.Low : logi NA
  .. .. ..$ inColumnsAlsoPresentIn.High:'data.frame':	19 obs. of  8 variables:
  .. .. .. ..$ moduleSize                         : num [1:19] 1065 951 1349 1125 364 ...
  .. .. .. ..$ log.p.Bonfsummary.qual             : num [1:19] -574 -1272 -3381 -1246 -432 ...
  .. .. .. ..$ log.p.Bonf.propVarExplained.qual   : num [1:19] -150.5 -216.5 -442 -285.7 -76.5 ...
  .. .. .. ..$ log.p.Bonf.meanSignAwareKME.qual   : num [1:19] -133.9 -166.3 -301.9 -228.8 -60.8 ...
  .. .. .. ..$ log.p.Bonf.meanSignAwareCorDat.qual: num [1:19] -31558 -29419 -48044 -30734 -8429 ...
  .. .. .. ..$ log.p.Bonf.meanAdj.qual            : num [1:19] -997 -2327 -6320 -2206 -788 ...
  .. .. .. ..$ log.p.Bonf.meanClusterCoeff.qual   : num [1:19] -4.22 -88.12 -338.7 -33.71 -14.44 ...
  .. .. .. ..$ log.p.Bonf.meanMAR.qual            : num [1:19] 0 -48.23 -132.38 -7.96 -15.31 ...
  .. ..$ ref.High:List of 2
  .. .. ..$ inColumnsAlsoPresentIn.Low :'data.frame':	25 obs. of  8 variables:
  .. .. .. ..$ moduleSize                         : num [1:25] 502 925 1303 915 181 ...
  .. .. .. ..$ log.p.Bonfsummary.qual             : num [1:25] -1226 -3918 -3565 -2113 -831 ...
  .. .. .. ..$ log.p.Bonf.propVarExplained.qual   : num [1:25] -190.8 -498.4 -488.5 -298.5 -95.2 ...
  .. .. .. ..$ log.p.Bonf.meanSignAwareKME.qual   : num [1:25] -143.9 -380.4 -358.6 -241.3 -78.6 ...
  .. .. .. ..$ log.p.Bonf.meanSignAwareCorDat.qual: num [1:25] -25544 -72022 -110902 -72304 -7174 ...
  .. .. .. ..$ log.p.Bonf.meanAdj.qual            : num [1:25] -2262 -7337 -6641 -3927 -1566 ...
  .. .. .. ..$ log.p.Bonf.meanClusterCoeff.qual   : num [1:25] -74.6 -229.4 -249.2 -138 -31.1 ...
  .. .. .. ..$ log.p.Bonf.meanMAR.qual            : num [1:25] -30.7 -109.3 -102.5 -70 -33.6 ...
  .. .. ..$ inColumnsAlsoPresentIn.High: logi NA
  ..$ q        :List of 2
  .. ..$ ref.Low :List of 2
  .. .. ..$ inColumnsAlsoPresentIn.Low : logi NA
  .. .. ..$ inColumnsAlsoPresentIn.High:'data.frame':	19 obs. of  8 variables:
  .. .. .. ..$ moduleSize                : num [1:19] 1065 951 1349 1125 364 ...
  .. .. .. ..$ qsummary.qual             : num [1:19] NA NA NA NA NA NA NA NA NA NA ...
  .. .. .. ..$ q.propVarExplained.qual   : logi [1:19] NA NA NA NA NA NA ...
  .. .. .. ..$ q.meanSignAwareKME.qual   : logi [1:19] NA NA NA NA NA NA ...
  .. .. .. ..$ q.meanSignAwareCorDat.qual: logi [1:19] NA NA NA NA NA NA ...
  .. .. .. ..$ q.meanAdj.qual            : logi [1:19] NA NA NA NA NA NA ...
  .. .. .. ..$ q.meanClusterCoeff.qual   : logi [1:19] NA NA NA NA NA NA ...
  .. .. .. ..$ q.meanMAR.qual            : logi [1:19] NA NA NA NA NA NA ...
  .. ..$ ref.High:List of 2
  .. .. ..$ inColumnsAlsoPresentIn.Low :'data.frame':	25 obs. of  8 variables:
  .. .. .. ..$ moduleSize                : num [1:25] 502 925 1303 915 181 ...
  .. .. .. ..$ qsummary.qual             : num [1:25] NA NA NA NA NA NA NA NA NA NA ...
  .. .. .. ..$ q.propVarExplained.qual   : logi [1:25] NA NA NA NA NA NA ...
  .. .. .. ..$ q.meanSignAwareKME.qual   : logi [1:25] NA NA NA NA NA NA ...
  .. .. .. ..$ q.meanSignAwareCorDat.qual: logi [1:25] NA NA NA NA NA NA ...
  .. .. .. ..$ q.meanAdj.qual            : logi [1:25] NA NA NA NA NA NA ...
  .. .. .. ..$ q.meanClusterCoeff.qual   : logi [1:25] NA NA NA NA NA NA ...
  .. .. .. ..$ q.meanMAR.qual            : logi [1:25] NA NA NA NA NA NA ...
  .. .. ..$ inColumnsAlsoPresentIn.High: logi NA
 $ preservation         :List of 5
  ..$ observed :List of 2
  .. ..$ ref.Low :List of 2
  .. .. ..$ inColumnsAlsoPresentIn.Low : logi NA
  .. .. ..$ inColumnsAlsoPresentIn.High:'data.frame':	19 obs. of  16 variables:
  .. .. .. ..$ moduleSize                 : num [1:19] 1065 951 1349 1125 364 ...
  .. .. .. ..$ medianRank.pres            : num [1:19] 15 8 4 16 14 10 8 4 16 18 ...
  .. .. .. ..$ medianRankDensity.pres     : num [1:19] 15 8.5 5.5 13.5 16 10 8 5 17 16.5 ...
  .. .. .. ..$ medianRankConnectivity.pres: num [1:19] 15 7 3 17 13 10 8 2 11 19 ...
  .. .. .. ..$ propVarExplained.pres      : num [1:19] 0.203 0.304 0.389 0.22 0.188 ...
  .. .. .. ..$ meanSignAwareKME.pres      : num [1:19] 0.2605 0.3823 0.4169 0.0559 0.2515 ...
  .. .. .. ..$ meanSignAwareCorDat.pres   : num [1:19] 0.0945 0.1539 0.1847 0.0976 0.0862 ...
  .. .. .. ..$ meanAdj.pres               : num [1:19] 0.012 0.0276 0.0439 0.0138 0.015 ...
  .. .. .. ..$ meanClusterCoeff.pres      : num [1:19] 0.0561 0.1195 0.1438 0.0641 0.0915 ...
  .. .. .. ..$ meanMAR.pres               : num [1:19] 0.0913 0.142 0.1701 0.1046 0.1313 ...
  .. .. .. ..$ cor.kIM                    : num [1:19] 0.268 0.621 0.691 0.245 0.383 ...
  .. .. .. ..$ cor.kME                    : num [1:19] 0.2186 0.4591 0.569 0.0926 0.1851 ...
  .. .. .. ..$ cor.kMEall                 : num [1:19] 0.465 0.476 0.542 0.361 0.43 ...
  .. .. .. ..$ cor.cor                    : num [1:19] 0.206 0.343 0.43 0.177 0.242 ...
  .. .. .. ..$ cor.clusterCoeff           : num [1:19] 0.183 0.468 0.585 0.129 0.327 ...
  .. .. .. ..$ cor.MAR                    : num [1:19] 0.249 0.559 0.637 0.165 0.409 ...
  .. ..$ ref.High:List of 2
  .. .. ..$ inColumnsAlsoPresentIn.Low :'data.frame':	25 obs. of  16 variables:
  .. .. .. ..$ moduleSize                 : num [1:25] 502 925 1303 915 181 ...
  .. .. .. ..$ medianRank.pres            : num [1:25] 15 13 5 11 2 6 20 1 18 18 ...
  .. .. .. ..$ medianRankDensity.pres     : num [1:25] 13 13 4 12.5 1 6.5 20 2 16.5 20 ...
  .. .. .. ..$ medianRankConnectivity.pres: num [1:25] 15 19 5 9 10 5 20 1 23 12 ...
  .. .. .. ..$ propVarExplained.pres      : num [1:25] 0.382 0.367 0.496 0.416 0.681 ...
  .. .. .. ..$ meanSignAwareKME.pres      : num [1:25] 0.385 0.381 0.526 0.366 0.783 ...
  .. .. .. ..$ meanSignAwareCorDat.pres   : num [1:25] 0.163 0.162 0.279 0.153 0.609 ...
  .. .. .. ..$ meanAdj.pres               : num [1:25] 0.039 0.0461 0.0772 0.0435 0.2079 ...
  .. .. .. ..$ meanClusterCoeff.pres      : num [1:25] 0.144 0.18 0.198 0.148 0.318 ...
  .. .. .. ..$ meanMAR.pres               : num [1:25] 0.176 0.207 0.21 0.177 0.34 ...
  .. .. .. ..$ cor.kIM                    : num [1:25] 0.404 0.547 0.606 0.551 0.493 ...
  .. .. .. ..$ cor.kME                    : num [1:25] 0.311 0.238 0.467 0.426 0.419 ...
  .. .. .. ..$ cor.kMEall                 : num [1:25] 0.464 0.483 0.545 0.452 0.46 ...
  .. .. .. ..$ cor.cor                    : num [1:25] 0.275 0.238 0.383 0.31 0.356 ...
  .. .. .. ..$ cor.clusterCoeff           : num [1:25] 0.299 0.43 0.516 0.451 0.397 ...
  .. .. .. ..$ cor.MAR                    : num [1:25] 0.421 0.551 0.572 0.464 0.543 ...
  .. .. ..$ inColumnsAlsoPresentIn.High: logi NA
  ..$ Z        :List of 2
  .. ..$ ref.Low :List of 2
  .. .. ..$ inColumnsAlsoPresentIn.Low : logi NA
  .. .. ..$ inColumnsAlsoPresentIn.High:'data.frame':	19 obs. of  16 variables:
  .. .. .. ..$ moduleSize                : num [1:19] 1065 951 1349 1125 364 ...
  .. .. .. ..$ Zsummary.pres             : num [1:19] 12.92 34.54 56.81 8.05 9.51 ...
  .. .. .. ..$ Zdensity.pres             : num [1:19] 15 44.2 78.1 7.9 11.4 ...
  .. .. .. ..$ Zconnectivity.pres        : num [1:19] 10.8 24.88 35.5 8.2 7.59 ...
  .. .. .. ..$ Z.propVarExplained.pres   : num [1:19] -2.546 14.867 33.673 0.615 -2.58 ...
  .. .. .. ..$ Z.meanSignAwareKME.pres   : num [1:19] 23.44 34.3 37.28 3.92 14.59 ...
  .. .. .. ..$ Z.meanSignAwareCorDat.pres: num [1:19] 140.9 220.3 321.5 159.8 57.3 ...
  .. .. .. ..$ Z.meanAdj.pres            : num [1:19] 6.65 54.09 118.96 11.88 8.29 ...
  .. .. .. ..$ Z.meanClusterCoeff.pres   : num [1:19] -5.83 18.6 32.7 -2.5 3.49 ...
  .. .. .. ..$ Z.meanMAR.pres            : num [1:19] -7.02 11.7 25.3 -1.98 5.01 ...
  .. .. .. ..$ Z.cor.kIM                 : num [1:19] 9.21 17.65 24.74 8.2 7.59 ...
  .. .. .. ..$ Z.cor.kME                 : num [1:19] 10.8 24.88 35.5 3.47 4.07 ...
  .. .. .. ..$ Z.cor.kMEall              : num [1:19] 76.8 85 91.9 64 71.2 ...
  .. .. .. ..$ Z.cor.cor                 : num [1:19] 122.2 202.2 295.2 114.2 62.4 ...
  .. .. .. ..$ Z.cor.clusterCoeff        : num [1:19] 6.91 13.86 20.89 4.05 6.66 ...
  .. .. .. ..$ Z.cor.MAR                 : num [1:19] 9.11 15.99 24.07 5.45 8.23 ...
  .. ..$ ref.High:List of 2
  .. .. ..$ inColumnsAlsoPresentIn.Low :'data.frame':	25 obs. of  16 variables:
  .. .. .. ..$ moduleSize                : num [1:25] 502 925 1303 915 181 ...
  .. .. .. ..$ Zsummary.pres             : num [1:25] 14.1 24.4 47.9 24 36.1 ...
  .. .. .. ..$ Zdensity.pres             : num [1:25] 18.9 30.8 67.1 28.1 64.3 ...
  .. .. .. ..$ Zconnectivity.pres        : num [1:25] 9.35 17.93 28.72 19.87 7.88 ...
  .. .. .. ..$ Z.propVarExplained.pres   : num [1:25] 4.23 4.1 26.69 10.26 20.55 ...
  .. .. .. ..$ Z.meanSignAwareKME.pres   : num [1:25] 20.7 25.6 42 25.4 27.3 ...
  .. .. .. ..$ Z.meanSignAwareCorDat.pres: num [1:25] 82.4 130 273.8 122.8 149.5 ...
  .. .. .. ..$ Z.meanAdj.pres            : num [1:25] 17.1 35.9 92.2 30.8 101.2 ...
  .. .. .. ..$ Z.meanClusterCoeff.pres   : num [1:25] 5.7 19.3 27.1 9.4 24 ...
  .. .. .. ..$ Z.meanMAR.pres            : num [1:25] 4.49 16.69 19.04 6.51 21.5 ...
  .. .. .. ..$ Z.cor.kIM                 : num [1:25] 8.41 17.93 24.27 16.03 6.87 ...
  .. .. .. ..$ Z.cor.kME                 : num [1:25] 9.35 10.13 28.72 19.87 7.88 ...
  .. .. .. ..$ Z.cor.kMEall              : num [1:25] 81.8 87.7 111.3 84.1 77.6 ...
  .. .. .. ..$ Z.cor.cor                 : num [1:25] 80 95.9 210 137.9 42.2 ...
  .. .. .. ..$ Z.cor.clusterCoeff        : num [1:25] 6.4 13.98 19.72 13.96 4.95 ...
  .. .. .. ..$ Z.cor.MAR                 : num [1:25] 8.71 18.29 22.25 12.93 6.76 ...
  .. .. ..$ inColumnsAlsoPresentIn.High: logi NA
  ..$ log.p    :List of 2
  .. ..$ ref.Low :List of 2
  .. .. ..$ inColumnsAlsoPresentIn.Low : logi NA
  .. .. ..$ inColumnsAlsoPresentIn.High:'data.frame':	19 obs. of  16 variables:
  .. .. .. ..$ moduleSize                    : num [1:19] 1065 951 1349 1125 364 ...
  .. .. .. ..$ log.psummary.pres             : num [1:19] -46.4 -291.8 -982.6 -17.1 -22.9 ...
  .. .. .. ..$ log.pdensity.pres             : num [1:19] -65.9 -447.5 -1689.7 -18.2 -32 ...
  .. .. .. ..$ log.pconnectivity.pres        : num [1:19] -26.8 -136.2 -275.5 -15.9 -13.8 ...
  .. .. .. ..$ log.p.propVarExplained.pres   : num [1:19] -2.37e-03 -4.96e+01 -2.48e+02 -5.70e-01 -2.15e-03 ...
  .. .. .. ..$ log.p.meanSignAwareKME.pres   : num [1:19] -121.05 -257.44 -303.79 -4.36 -47.81 ...
  .. .. .. ..$ log.p.meanSignAwareCorDat.pres: num [1:19] -4311 -10540 -22450 -5548 -715 ...
  .. .. .. ..$ log.p.meanAdj.pres            : num [1:19] -10.8 -637.5 -3075.6 -32.1 -16.2 ...
  .. .. .. ..$ log.p.meanClusterCoeff.pres   : num [1:19] -1.17e-09 -7.68e+01 -2.34e+02 -2.73e-03 -3.62 ...
  .. .. .. ..$ log.p.meanMAR.pres            : num [1:19] -4.96e-13 -3.12e+01 -1.41e+02 -1.04e-02 -6.57 ...
  .. .. .. ..$ log.p.cor.kIM                 : num [1:19] -19.8 -69.3 -134.7 -15.9 -13.8 ...
  .. .. .. ..$ log.p.cor.kME                 : num [1:19] -26.76 -136.21 -275.54 -3.59 -4.62 ...
  .. .. .. ..$ log.p.cor.kMEall              : num [1:19] -1283 -1570 -1835 -892 -1103 ...
  .. .. .. ..$ log.p.cor.cor                 : num [1:19] -3243 -8881 -18931 -2834 -848 ...
  .. .. .. ..$ log.p.cor.clusterCoeff        : num [1:19] -11.6 -43.2 -96.5 -4.6 -10.9 ...
  .. .. .. ..$ log.p.cor.MAR                 : num [1:19] -19.4 -57.1 -127.6 -7.6 -16 ...
  .. ..$ ref.High:List of 2
  .. .. ..$ inColumnsAlsoPresentIn.Low :'data.frame':	25 obs. of  16 variables:
  .. .. .. ..$ moduleSize                    : num [1:25] 502 925 1303 915 181 ...
  .. .. .. ..$ log.psummary.pres             : num [1:25] -50.2 -142.4 -649.1 -131.1 -605.1 ...
  .. .. .. ..$ log.pdensity.pres             : num [1:25] -80 -213 -1117 -175 -1196 ...
  .. .. .. ..$ log.pconnectivity.pres        : num [1:25] -20.4 -71.5 -180.9 -87.4 -14.8 ...
  .. .. .. ..$ log.p.propVarExplained.pres   : num [1:25] -4.94 -4.68 -156.51 -24.26 -93.4 ...
  .. .. .. ..$ log.p.meanSignAwareKME.pres   : num [1:25] -94.9 -144.2 -384.7 -141.8 -163.9 ...
  .. .. .. ..$ log.p.meanSignAwareCorDat.pres: num [1:25] -1478 -3672 -16284 -3280 -4853 ...
  .. .. .. ..$ log.p.meanAdj.pres            : num [1:25] -65.2 -282.4 -1849.9 -207.8 -2227.1 ...
  .. .. .. ..$ log.p.meanClusterCoeff.pres   : num [1:25] -8.23 -82.9 -161.01 -20.55 -126.57 ...
  .. .. .. ..$ log.p.meanMAR.pres            : num [1:25] -5.45 -62.13 -80.39 -10.43 -102.06 ...
  .. .. .. ..$ log.p.cor.kIM                 : num [1:25] -16.7 -71.5 -129.7 -57.4 -11.5 ...
  .. .. .. ..$ log.p.cor.kME                 : num [1:25] -20.4 -23.7 -180.9 -87.4 -14.8 ...
  .. .. .. ..$ log.p.cor.kMEall              : num [1:25] -1454 -1673 -2691 -1539 -1311 ...
  .. .. .. ..$ log.p.cor.cor                 : num [1:25] -1392 -1999 -9582 -4134 -388 ...
  .. .. .. ..$ log.p.cor.clusterCoeff        : num [1:25] -10.11 -44 -86.12 -43.89 -6.42 ...
  .. .. .. ..$ log.p.cor.MAR                 : num [1:25] -17.8 -74.3 -109.2 -37.8 -11.2 ...
  .. .. ..$ inColumnsAlsoPresentIn.High: logi NA
  ..$ log.pBonf:List of 2
  .. ..$ ref.Low :List of 2
  .. .. ..$ inColumnsAlsoPresentIn.Low : logi NA
  .. .. ..$ inColumnsAlsoPresentIn.High:'data.frame':	19 obs. of  16 variables:
  .. .. .. ..$ moduleSize                         : num [1:19] 1065 951 1349 1125 364 ...
  .. .. .. ..$ log.p.Bonfsummary.pres             : num [1:19] -45.1 -290.6 -981.3 -15.8 -21.6 ...
  .. .. .. ..$ log.p.Bonfdensity.pres             : num [1:19] -64.7 -446.2 -1688.4 -17 -30.7 ...
  .. .. .. ..$ log.p.Bonfconnectivity.pres        : num [1:19] -25.5 -134.9 -274.3 -14.6 -12.5 ...
  .. .. .. ..$ log.p.Bonf.propVarExplained.pres   : num [1:19] 0 -48.3 -246.9 0 0 ...
  .. .. .. ..$ log.p.Bonf.meanSignAwareKME.pres   : num [1:19] -119.77 -256.17 -302.51 -3.08 -46.53 ...
  .. .. .. ..$ log.p.Bonf.meanSignAwareCorDat.pres: num [1:19] -4309 -10539 -22449 -5547 -714 ...
  .. .. .. ..$ log.p.Bonf.meanAdj.pres            : num [1:19] -9.55 -636.22 -3074.31 -30.85 -14.96 ...
  .. .. .. ..$ log.p.Bonf.meanClusterCoeff.pres   : num [1:19] 0 -75.51 -232.86 0 -2.34 ...
  .. .. .. ..$ log.p.Bonf.meanMAR.pres            : num [1:19] 0 -29.9 -139.48 0 -5.29 ...
  .. .. .. ..$ log.p.Bonf.cor.kIM                 : num [1:19] -18.5 -68 -133.4 -14.6 -12.5 ...
  .. .. .. ..$ log.p.Bonf.cor.kME                 : num [1:19] -25.49 -134.93 -274.26 -2.31 -3.34 ...
  .. .. .. ..$ log.p.Bonf.cor.kMEall              : num [1:19] -1281 -1569 -1833 -891 -1102 ...
  .. .. .. ..$ log.p.Bonf.cor.cor                 : num [1:19] -3242 -8880 -18930 -2833 -847 ...
  .. .. .. ..$ log.p.Bonf.cor.clusterCoeff        : num [1:19] -10.33 -41.96 -95.25 -3.32 -9.57 ...
  .. .. .. ..$ log.p.Bonf.cor.MAR                 : num [1:19] -18.1 -55.84 -126.34 -6.32 -14.76 ...
  .. ..$ ref.High:List of 2
  .. .. ..$ inColumnsAlsoPresentIn.Low :'data.frame':	25 obs. of  16 variables:
  .. .. .. ..$ moduleSize                         : num [1:25] 502 925 1303 915 181 ...
  .. .. .. ..$ log.p.Bonfsummary.pres             : num [1:25] -48.8 -141 -647.7 -129.7 -603.7 ...
  .. .. .. ..$ log.p.Bonfdensity.pres             : num [1:25] -78.6 -211.9 -1115.9 -173.4 -1194.1 ...
  .. .. .. ..$ log.p.Bonfconnectivity.pres        : num [1:25] -19 -70.1 -179.5 -86 -13.4 ...
  .. .. .. ..$ log.p.Bonf.propVarExplained.pres   : num [1:25] -3.54 -3.29 -155.12 -22.87 -92 ...
  .. .. .. ..$ log.p.Bonf.meanSignAwareKME.pres   : num [1:25] -93.5 -142.8 -383.3 -140.4 -162.5 ...
  .. .. .. ..$ log.p.Bonf.meanSignAwareCorDat.pres: num [1:25] -1477 -3670 -16283 -3278 -4851 ...
  .. .. .. ..$ log.p.Bonf.meanAdj.pres            : num [1:25] -63.8 -281 -1848.5 -206.4 -2225.7 ...
  .. .. .. ..$ log.p.Bonf.meanClusterCoeff.pres   : num [1:25] -6.83 -81.5 -159.61 -19.15 -125.17 ...
  .. .. .. ..$ log.p.Bonf.meanMAR.pres            : num [1:25] -4.05 -60.73 -79 -9.03 -100.66 ...
  .. .. .. ..$ log.p.Bonf.cor.kIM                 : num [1:25] -15.3 -70.1 -128.3 -56 -10.1 ...
  .. .. .. ..$ log.p.Bonf.cor.kME                 : num [1:25] -19 -22.3 -179.5 -86 -13.4 ...
  .. .. .. ..$ log.p.Bonf.cor.kMEall              : num [1:25] -1453 -1672 -2690 -1538 -1310 ...
  .. .. .. ..$ log.p.Bonf.cor.cor                 : num [1:25] -1390 -1997 -9580 -4132 -387 ...
  .. .. .. ..$ log.p.Bonf.cor.clusterCoeff        : num [1:25] -8.72 -42.6 -84.73 -42.49 -5.02 ...
  .. .. .. ..$ log.p.Bonf.cor.MAR                 : num [1:25] -16.43 -72.93 -107.85 -36.45 -9.76 ...
  .. .. ..$ inColumnsAlsoPresentIn.High: logi NA
  ..$ q        :List of 2
  .. ..$ ref.Low :List of 2
  .. .. ..$ inColumnsAlsoPresentIn.Low : logi NA
  .. .. ..$ inColumnsAlsoPresentIn.High:'data.frame':	19 obs. of  16 variables:
  .. .. .. ..$ moduleSize                : num [1:19] 1065 951 1349 1125 364 ...
  .. .. .. ..$ qsummary.pres             : num [1:19] 1.69e-17 0.00 0.00 2.17e-11 7.89e-08 ...
  .. .. .. ..$ qdensity.pres             : num [1:19] 9.40e-07 0.00 0.00 1.53e-17 1.91e-09 ...
  .. .. .. ..$ qconnectivity.pres        : num [1:19] 3.05e-28 3.66e-137 5.12e-276 3.07e-05 3.26e-06 ...
  .. .. .. ..$ q.propVarExplained.pres   : num [1:19] 9.95e-01 8.51e-50 1.38e-247 4.27e-01 9.95e-01 ...
  .. .. .. ..$ q.meanSignAwareKME.pres   : logi [1:19] NA NA NA NA NA NA ...
  .. .. .. ..$ q.meanSignAwareCorDat.pres: logi [1:19] NA NA NA NA NA NA ...
  .. .. .. ..$ q.meanAdj.pres            : num [1:19] 8.88e-13 0.00 0.00 5.52e-34 3.68e-18 ...
  .. .. .. ..$ q.meanClusterCoeff.pres   : num [1:19] 1.00 7.68e-77 1.38e-233 1.00 4.16e-04 ...
  .. .. .. ..$ q.meanMAR.pres            : num [1:19] 1.00 2.54e-31 3.31e-140 1.00 5.16e-07 ...
  .. .. .. ..$ q.cor.kIM                 : logi [1:19] NA NA NA NA NA NA ...
  .. .. .. ..$ q.cor.kME                 : num [1:19] 3.05e-28 3.66e-137 5.12e-276 3.07e-05 3.26e-06 ...
  .. .. .. ..$ q.cor.kMEall              : logi [1:19] NA NA NA NA NA NA ...
  .. .. .. ..$ q.cor.cor                 : logi [1:19] NA NA NA NA NA NA ...
  .. .. .. ..$ q.cor.clusterCoeff        : logi [1:19] NA NA NA NA NA NA ...
  .. .. .. ..$ q.cor.MAR                 : logi [1:19] NA NA NA NA NA NA ...
  .. ..$ ref.High:List of 2
  .. .. ..$ inColumnsAlsoPresentIn.Low :'data.frame':	25 obs. of  16 variables:
  .. .. .. ..$ moduleSize                : num [1:25] 502 925 1303 915 181 ...
  .. .. .. ..$ qsummary.pres             : num [1:25] 2.72e-43 1.05e-96 0.00 6.09e-108 1.79e-89 ...
  .. .. .. ..$ qdensity.pres             : num [1:25] 1.31e-66 8.46e-145 0.00 1.92e-142 2.71e-164 ...
  .. .. .. ..$ qconnectivity.pres        : num [1:25] 5.64e-20 1.31e-48 1.14e-155 1.93e-73 1.18e-14 ...
  .. .. .. ..$ q.propVarExplained.pres   : num [1:25] 3.18e-05 5.18e-05 7.66e-156 2.73e-24 3.35e-93 ...
  .. .. .. ..$ q.meanSignAwareKME.pres   : num [1:25] 1.32e-95 8.46e-145 0.00 1.92e-142 2.71e-164 ...
  .. .. .. ..$ q.meanSignAwareCorDat.pres: logi [1:25] NA NA NA NA NA NA ...
  .. .. .. ..$ q.meanAdj.pres            : num [1:25] 1.31e-66 1.37e-283 0.00 5.07e-209 0.00 ...
  .. .. .. ..$ q.meanClusterCoeff.pres   : num [1:25] 1.53e-08 5.21e-83 1.02e-160 8.34e-21 1.85e-126 ...
  .. .. .. ..$ q.meanMAR.pres            : num [1:25] 1.11e-05 3.75e-62 3.37e-80 1.32e-10 1.08e-101 ...
  .. .. .. ..$ q.cor.kIM                 : num [1:25] 1.17e-17 1.22e-71 1.47e-129 5.03e-58 1.80e-12 ...
  .. .. .. ..$ q.cor.kME                 : num [1:25] 2.71e-22 1.40e-25 8.92e-182 7.43e-89 7.79e-17 ...
  .. .. .. ..$ q.cor.kMEall              : logi [1:25] NA NA NA NA NA NA ...
  .. .. .. ..$ q.cor.cor                 : logi [1:25] NA NA NA NA NA NA ...
  .. .. .. ..$ q.cor.clusterCoeff        : num [1:25] 6.62e-11 4.42e-44 7.75e-86 4.42e-44 2.79e-07 ...
  .. .. .. ..$ q.cor.MAR                 : logi [1:25] NA NA NA NA NA NA ...
  .. .. ..$ inColumnsAlsoPresentIn.High: logi NA
 $ accuracy             :List of 7
  ..$ observed             :List of 2
  .. ..$ ref.Low :List of 2
  .. .. ..$ inColumnsAlsoPresentIn.Low : logi NA
  .. .. ..$ inColumnsAlsoPresentIn.High: num [1:18, 1:4] 1065 951 1349 1125 364 ...
  .. .. .. ..- attr(*, "dimnames")=List of 2
  .. .. .. .. ..$ : chr [1:18] "black" "blue" "brown" "cyan" ...
  .. .. .. .. ..$ : chr [1:4] "moduleSize" "accuracy" "minusLogFisherP" "coClustering"
  .. ..$ ref.High:List of 2
  .. .. ..$ inColumnsAlsoPresentIn.Low : num [1:24, 1:4] 502 925 1303 915 181 ...
  .. .. .. ..- attr(*, "dimnames")=List of 2
  .. .. .. .. ..$ : chr [1:24] "black" "blue" "brown" "cyan" ...
  .. .. .. .. ..$ : chr [1:4] "moduleSize" "accuracy" "minusLogFisherP" "coClustering"
  .. .. ..$ inColumnsAlsoPresentIn.High: logi NA
  ..$ Z                    :List of 2
  .. ..$ ref.Low :List of 2
  .. .. ..$ inColumnsAlsoPresentIn.Low : logi NA
  .. .. ..$ inColumnsAlsoPresentIn.High:'data.frame':	19 obs. of  4 variables:
  .. .. .. ..$ moduleSize       : num [1:19] 1065 951 1349 1125 364 ...
  .. .. .. ..$ Z.accuracy       : num [1:19] 3.805 27.217 37.916 2.578 -0.978 ...
  .. .. .. ..$ Z.minusLogFisherP: num [1:19] 39.8 308.8 429.6 80 21.6 ...
  .. .. .. ..$ Z.coClustering   : num [1:19] -3.99 34.979 69.72 -0.475 -2.296 ...
  .. ..$ ref.High:List of 2
  .. .. ..$ inColumnsAlsoPresentIn.Low :'data.frame':	25 obs. of  4 variables:
  .. .. .. ..$ moduleSize       : num [1:25] 502 925 1303 915 181 ...
  .. .. .. ..$ Z.accuracy       : num [1:25] 13.1 26.4 34.8 17 27.6 ...
  .. .. .. ..$ Z.minusLogFisherP: num [1:25] 36.6 340 346.5 91.9 123.9 ...
  .. .. .. ..$ Z.coClustering   : num [1:25] 21 56.6 77.9 35.8 70 ...
  .. .. ..$ inColumnsAlsoPresentIn.High: logi NA
  ..$ log.p                :List of 2
  .. ..$ ref.Low :List of 2
  .. .. ..$ inColumnsAlsoPresentIn.Low : logi NA
  .. .. ..$ inColumnsAlsoPresentIn.High:'data.frame':	19 obs. of  4 variables:
  .. .. .. ..$ moduleSize           : num [1:19] 1065 951 1349 1125 364 ...
  .. .. .. ..$ log.p.accuracy       : num [1:19] -4.1487 -162.6941 -314.1504 -2.3042 -0.0778 ...
  .. .. .. ..$ log.p.minusLogFisherP: num [1:19] -346 -20711 -40087 -1394 -103 ...
  .. .. .. ..$ log.p.coClustering   : num [1:19] -1.43e-05 -2.68e+02 -1.06e+03 -1.66e-01 -4.73e-03 ...
  .. ..$ ref.High:List of 2
  .. .. ..$ inColumnsAlsoPresentIn.Low :'data.frame':	25 obs. of  4 variables:
  .. .. .. ..$ moduleSize           : num [1:25] 502 925 1303 915 181 ...
  .. .. .. ..$ log.p.accuracy       : num [1:25] -38.5 -153.7 -264.3 -64.3 -166.7 ...
  .. .. .. ..$ log.p.minusLogFisherP: num [1:25] -293 -25108 -26072 -1838 -3335 ...
  .. .. .. ..$ log.p.coClustering   : num [1:25] -97.1 -698.2 -1321 -280.4 -1067.1 ...
  .. .. ..$ inColumnsAlsoPresentIn.High: logi NA
  ..$ log.pBonf            :List of 2
  .. ..$ ref.Low :List of 2
  .. .. ..$ inColumnsAlsoPresentIn.Low : logi NA
  .. .. ..$ inColumnsAlsoPresentIn.High:'data.frame':	19 obs. of  4 variables:
  .. .. .. ..$ moduleSize                : num [1:19] 1065 951 1349 1125 364 ...
  .. .. .. ..$ log.p.Bonf.accuracy       : num [1:19] -2.87 -161.42 -312.87 -1.03 0 ...
  .. .. .. ..$ log.p.Bonf.minusLogFisherP: num [1:19] -345 -20710 -40086 -1392 -102 ...
  .. .. .. ..$ log.p.Bonf.coClustering   : num [1:19] 0 -266 -1057 0 0 ...
  .. ..$ ref.High:List of 2
  .. .. ..$ inColumnsAlsoPresentIn.Low :'data.frame':	25 obs. of  4 variables:
  .. .. .. ..$ moduleSize                : num [1:25] 502 925 1303 915 181 ...
  .. .. .. ..$ log.p.Bonf.accuracy       : num [1:25] -37.1 -152.3 -262.9 -62.9 -165.3 ...
  .. .. .. ..$ log.p.Bonf.minusLogFisherP: num [1:25] -292 -25106 -26071 -1836 -3333 ...
  .. .. .. ..$ log.p.Bonf.coClustering   : num [1:25] -95.7 -696.8 -1319.6 -279.1 -1065.7 ...
  .. .. ..$ inColumnsAlsoPresentIn.High: logi NA
  ..$ q                    :List of 2
  .. ..$ ref.Low :List of 2
  .. .. ..$ inColumnsAlsoPresentIn.Low : logi NA
  .. .. ..$ inColumnsAlsoPresentIn.High:'data.frame':	19 obs. of  4 variables:
  .. .. .. ..$ moduleSize       : num [1:19] 1065 951 1349 1125 364 ...
  .. .. .. ..$ q.accuracy       : logi [1:19] NA NA NA NA NA NA ...
  .. .. .. ..$ q.minusLogFisherP: logi [1:19] NA NA NA NA NA NA ...
  .. .. .. ..$ q.coClustering   : logi [1:19] NA NA NA NA NA NA ...
  .. ..$ ref.High:List of 2
  .. .. ..$ inColumnsAlsoPresentIn.Low :'data.frame':	25 obs. of  4 variables:
  .. .. .. ..$ moduleSize       : num [1:25] 502 925 1303 915 181 ...
  .. .. .. ..$ q.accuracy       : logi [1:25] NA NA NA NA NA NA ...
  .. .. .. ..$ q.minusLogFisherP: logi [1:25] NA NA NA NA NA NA ...
  .. .. .. ..$ q.coClustering   : logi [1:25] NA NA NA NA NA NA ...
  .. .. ..$ inColumnsAlsoPresentIn.High: logi NA
  ..$ observedCounts       :List of 2
  .. ..$ ref.Low :List of 2
  .. .. ..$ inColumnsAlsoPresentIn.Low : logi NA
  .. .. ..$ inColumnsAlsoPresentIn.High: num [1:24, 1:18] 88 43 35 57 12 5 24 2 50 23 ...
  .. .. .. ..- attr(*, "dimnames")=List of 2
  .. .. .. .. ..$ : chr [1:24] "black" "blue" "brown" "cyan" ...
  .. .. .. .. ..$ : chr [1:18] "black" "blue" "brown" "cyan" ...
  .. ..$ ref.High:List of 2
  .. .. ..$ inColumnsAlsoPresentIn.Low : num [1:18, 1:24] 88 18 18 38 47 9 6 8 13 15 ...
  .. .. .. ..- attr(*, "dimnames")=List of 2
  .. .. .. .. ..$ : chr [1:18] "black" "blue" "brown" "cyan" ...
  .. .. .. .. ..$ : chr [1:24] "black" "blue" "brown" "cyan" ...
  .. .. ..$ inColumnsAlsoPresentIn.High: logi NA
  ..$ observedFisherPvalues:List of 2
  .. ..$ ref.Low :List of 2
  .. .. ..$ inColumnsAlsoPresentIn.Low : logi NA
  .. .. ..$ inColumnsAlsoPresentIn.High: num [1:24, 1:18] 1.91e-07 1.00 1.00 1.00 9.64e-01 ...
  .. .. .. ..- attr(*, "dimnames")=List of 2
  .. .. .. .. ..$ : chr [1:24] "black" "blue" "brown" "cyan" ...
  .. .. .. .. ..$ : chr [1:18] "black" "blue" "brown" "cyan" ...
  .. ..$ ref.High:List of 2
  .. .. ..$ inColumnsAlsoPresentIn.Low : num [1:18, 1:24] 1.91e-07 1.00 1.00 9.95e-01 4.42e-10 ...
  .. .. .. ..- attr(*, "dimnames")=List of 2
  .. .. .. .. ..$ : chr [1:18] "black" "blue" "brown" "cyan" ...
  .. .. .. .. ..$ : chr [1:24] "black" "blue" "brown" "cyan" ...
  .. .. ..$ inColumnsAlsoPresentIn.High: logi NA
 $ referenceSeparability:List of 5
  ..$ observed :List of 2
  .. ..$ ref.Low :List of 2
  .. .. ..$ inColumnsAlsoPresentIn.Low : logi NA
  .. .. ..$ inColumnsAlsoPresentIn.High:'data.frame':	19 obs. of  2 variables:
  .. .. .. ..$ moduleSize       : num [1:19] 1065 951 1349 1125 364 ...
  .. .. .. ..$ separability.qual: num [1:19] 0.281 0.301 0.246 0.258 0.281 ...
  .. ..$ ref.High:List of 2
  .. .. ..$ inColumnsAlsoPresentIn.Low :'data.frame':	25 obs. of  2 variables:
  .. .. .. ..$ moduleSize       : num [1:25] 502 925 1303 915 181 ...
  .. .. .. ..$ separability.qual: num [1:25] 0.216 0.316 0.319 0.319 0.473 ...
  .. .. ..$ inColumnsAlsoPresentIn.High: logi NA
  ..$ Z        :List of 2
  .. ..$ ref.Low :List of 2
  .. .. ..$ inColumnsAlsoPresentIn.Low : logi NA
  .. .. ..$ inColumnsAlsoPresentIn.High:'data.frame':	19 obs. of  2 variables:
  .. .. .. ..$ moduleSize         : num [1:19] 1065 951 1349 1125 364 ...
  .. .. .. ..$ Z.separability.qual: num [1:19] 265.15 4.16 151.07 284.6 131.83 ...
  .. ..$ ref.High:List of 2
  .. .. ..$ inColumnsAlsoPresentIn.Low :'data.frame':	25 obs. of  2 variables:
  .. .. .. ..$ moduleSize         : num [1:25] 502 925 1303 915 181 ...
  .. .. .. ..$ Z.separability.qual: num [1:25] 49.2 112.5 136.8 120.9 39.4 ...
  .. .. ..$ inColumnsAlsoPresentIn.High: logi NA
  ..$ log.p    :List of 2
  .. ..$ ref.Low :List of 2
  .. .. ..$ inColumnsAlsoPresentIn.Low : logi NA
  .. .. ..$ inColumnsAlsoPresentIn.High:'data.frame':	19 obs. of  2 variables:
  .. .. .. ..$ moduleSize             : num [1:19] 1065 951 1349 1125 364 ...
  .. .. .. ..$ log.p.separability.qual: num [1:19, 1] -15268.93 -4.81 -4958.53 -17590.63 -3776.25 ...
  .. ..$ ref.High:List of 2
  .. .. ..$ inColumnsAlsoPresentIn.Low :'data.frame':	25 obs. of  2 variables:
  .. .. .. ..$ moduleSize             : num [1:25] 502 925 1303 915 181 ...
  .. .. .. ..$ log.p.separability.qual: num [1:25, 1] -528 -2753 -4068 -3176 -339 ...
  .. .. ..$ inColumnsAlsoPresentIn.High: logi NA
  ..$ log.pBonf:List of 2
  .. ..$ ref.Low :List of 2
  .. .. ..$ inColumnsAlsoPresentIn.Low : logi NA
  .. .. ..$ inColumnsAlsoPresentIn.High:'data.frame':	19 obs. of  2 variables:
  .. .. .. ..$ moduleSize                  : num [1:19] 1065 951 1349 1125 364 ...
  .. .. .. ..$ log.p.Bonf.separability.qual: num [1:19, 1] -15267.65 -3.53 -4957.25 -17589.35 -3774.97 ...
  .. ..$ ref.High:List of 2
  .. .. ..$ inColumnsAlsoPresentIn.Low :'data.frame':	25 obs. of  2 variables:
  .. .. .. ..$ moduleSize                  : num [1:25] 502 925 1303 915 181 ...
  .. .. .. ..$ log.p.Bonf.separability.qual: num [1:25, 1] -527 -2752 -4067 -3175 -338 ...
  .. .. ..$ inColumnsAlsoPresentIn.High: logi NA
  ..$ q        :List of 2
  .. ..$ ref.Low :List of 2
  .. .. ..$ inColumnsAlsoPresentIn.Low : logi NA
  .. .. ..$ inColumnsAlsoPresentIn.High:'data.frame':	19 obs. of  2 variables:
  .. .. .. ..$ moduleSize         : num [1:19] 1065 951 1349 1125 364 ...
  .. .. .. ..$ q.separability.qual: logi [1:19] NA NA NA NA NA NA ...
  .. ..$ ref.High:List of 2
  .. .. ..$ inColumnsAlsoPresentIn.Low :'data.frame':	25 obs. of  2 variables:
  .. .. .. ..$ moduleSize         : num [1:25] 502 925 1303 915 181 ...
  .. .. .. ..$ q.separability.qual: logi [1:25] NA NA NA NA NA NA ...
  .. .. ..$ inColumnsAlsoPresentIn.High: logi NA
 $ testSeparability     :List of 5
  ..$ observed :List of 2
  .. ..$ ref.Low :List of 2
  .. .. ..$ inColumnsAlsoPresentIn.Low : logi NA
  .. .. ..$ inColumnsAlsoPresentIn.High:'data.frame':	19 obs. of  2 variables:
  .. .. .. ..$ moduleSize       : num [1:19] 1065 951 1349 1125 364 ...
  .. .. .. ..$ separability.pres: num [1:19] 0.0749 0.1868 0.2667 0.0749 0.141 ...
  .. ..$ ref.High:List of 2
  .. .. ..$ inColumnsAlsoPresentIn.Low :'data.frame':	25 obs. of  2 variables:
  .. .. .. ..$ moduleSize       : num [1:25] 502 925 1303 915 181 ...
  .. .. .. ..$ separability.pres: num [1:25] 0.021 0.1862 0.0252 0.0252 0.0638 ...
  .. .. ..$ inColumnsAlsoPresentIn.High: logi NA
  ..$ Z        :List of 2
  .. ..$ ref.Low :List of 2
  .. .. ..$ inColumnsAlsoPresentIn.Low : logi NA
  .. .. ..$ inColumnsAlsoPresentIn.High:'data.frame':	19 obs. of  2 variables:
  .. .. .. ..$ moduleSize         : num [1:19] 1065 951 1349 1125 364 ...
  .. .. .. ..$ Z.separability.pres: num [1:19] 18.3 60.5 104.9 16.4 14.2 ...
  .. ..$ ref.High:List of 2
  .. .. ..$ inColumnsAlsoPresentIn.Low :'data.frame':	25 obs. of  2 variables:
  .. .. .. ..$ moduleSize         : num [1:25] 502 925 1303 915 181 ...
  .. .. .. ..$ Z.separability.pres: num [1:25] 16 266 39.2 26 20.6 ...
  .. .. ..$ inColumnsAlsoPresentIn.High: logi NA
  ..$ log.p    :List of 2
  .. ..$ ref.Low :List of 2
  .. .. ..$ inColumnsAlsoPresentIn.Low : logi NA
  .. .. ..$ inColumnsAlsoPresentIn.High:'data.frame':	19 obs. of  2 variables:
  .. .. .. ..$ moduleSize             : num [1:19] 1065 951 1349 1125 364 ...
  .. .. .. ..$ log.p.separability.pres: num [1:19, 1] -74.1 -797.9 -2391.2 -60.3 -45.4 ...
  .. ..$ ref.High:List of 2
  .. .. ..$ inColumnsAlsoPresentIn.Low :'data.frame':	25 obs. of  2 variables:
  .. .. .. ..$ moduleSize             : num [1:25] 502 925 1303 915 181 ...
  .. .. .. ..$ log.p.separability.pres: num [1:25, 1] -57 -15362.2 -335.7 -148.9 -93.6 ...
  .. .. ..$ inColumnsAlsoPresentIn.High: logi NA
  ..$ log.pBonf:List of 2
  .. ..$ ref.Low :List of 2
  .. .. ..$ inColumnsAlsoPresentIn.Low : logi NA
  .. .. ..$ inColumnsAlsoPresentIn.High:'data.frame':	19 obs. of  2 variables:
  .. .. .. ..$ moduleSize                  : num [1:19] 1065 951 1349 1125 364 ...
  .. .. .. ..$ log.p.Bonf.separability.pres: num [1:19, 1] -72.8 -796.6 -2389.9 -59 -44.2 ...
  .. ..$ ref.High:List of 2
  .. .. ..$ inColumnsAlsoPresentIn.Low :'data.frame':	25 obs. of  2 variables:
  .. .. .. ..$ moduleSize                  : num [1:25] 502 925 1303 915 181 ...
  .. .. .. ..$ log.p.Bonf.separability.pres: num [1:25, 1] -55.6 -15360.8 -334.3 -147.5 -92.2 ...
  .. .. ..$ inColumnsAlsoPresentIn.High: logi NA
  ..$ q        :List of 2
  .. ..$ ref.Low :List of 2
  .. .. ..$ inColumnsAlsoPresentIn.Low : logi NA
  .. .. ..$ inColumnsAlsoPresentIn.High:'data.frame':	19 obs. of  2 variables:
  .. .. .. ..$ moduleSize         : num [1:19] 1065 951 1349 1125 364 ...
  .. .. .. ..$ q.separability.pres: logi [1:19] NA NA NA NA NA NA ...
  .. ..$ ref.High:List of 2
  .. .. ..$ inColumnsAlsoPresentIn.Low :'data.frame':	25 obs. of  2 variables:
  .. .. .. ..$ moduleSize         : num [1:25] 502 925 1303 915 181 ...
  .. .. .. ..$ q.separability.pres: logi [1:25] NA NA NA NA NA NA ...
  .. .. ..$ inColumnsAlsoPresentIn.High: logi NA
 $ permutationDetails   :List of 5
  ..$ permutedStatistics      :List of 2
  .. ..$ :List of 2
  .. .. ..$ : NULL
  .. .. ..$ :List of 2
  .. .. .. ..$ regStats: num [1:19, 1:20, 1:200] 0.348 0.346 0.342 0.329 0.351 ...
  .. .. .. .. ..- attr(*, "dimnames")=List of 3
  .. .. .. .. .. ..$ : chr [1:19] "black" "blue" "brown" "cyan" ...
  .. .. .. .. .. ..$ : chr [1:20] "propVarExplained.qual" "meanSignAwareKME.qual" "separability.qual" "meanSignAwareCorDat.qual" ...
  .. .. .. .. .. ..$ : chr [1:200] "Permutation.1" "Permutation.2" "Permutation.3" "Permutation.4" ...
  .. .. .. ..$ fixStats: num [1:18, 1:3, 1:200] 0.139 0.131 0.131 0.134 0.148 ...
  .. .. .. .. ..- attr(*, "dimnames")=List of 3
  .. .. .. .. .. ..$ : chr [1:18] "black" "blue" "brown" "cyan" ...
  .. .. .. .. .. ..$ : chr [1:3] "accuracy" "minusLogFisherP" "coClustering"
  .. .. .. .. .. ..$ : chr [1:200] "Permutation.1" "Permutation.2" "Permutation.3" "Permutation.4" ...
  .. ..$ :List of 1
  .. .. ..$ :List of 2
  .. .. .. ..$ regStats: num [1:25, 1:20, 1:200] 0.216 0.211 0.205 0.207 0.247 ...
  .. .. .. .. ..- attr(*, "dimnames")=List of 3
  .. .. .. .. .. ..$ : chr [1:25] "black" "blue" "brown" "cyan" ...
  .. .. .. .. .. ..$ : chr [1:20] "propVarExplained.qual" "meanSignAwareKME.qual" "separability.qual" "meanSignAwareCorDat.qual" ...
  .. .. .. .. .. ..$ : chr [1:200] "Permutation.1" "Permutation.2" "Permutation.3" "Permutation.4" ...
  .. .. .. ..$ fixStats: num [1:24, 1:3, 1:200] 0.124 0.147 0.116 0.128 0.122 ...
  .. .. .. .. ..- attr(*, "dimnames")=List of 3
  .. .. .. .. .. ..$ : chr [1:24] "black" "blue" "brown" "cyan" ...
  .. .. .. .. .. ..$ : chr [1:3] "accuracy" "minusLogFisherP" "coClustering"
  .. .. .. .. .. ..$ : chr [1:200] "Permutation.1" "Permutation.2" "Permutation.3" "Permutation.4" ...
  ..$ interpolationModuleSizes:List of 2
  .. ..$ :List of 2
  .. .. ..$ : NULL
  .. .. ..$ : num [1:19] 1065 951 1349 1125 364 ...
  .. ..$ :List of 1
  .. .. ..$ : num [1:25] 502 925 1303 915 181 ...
  ..$ interpolationStatNames  : chr [1:20] "propVarExplained.qual" "meanSignAwareKME.qual" "separability.qual" "meanSignAwareCorDat.qual" ...
  ..$ permutationsPresent     : logi [1:2, 1:2] FALSE TRUE TRUE FALSE
  ..$ interpolationUsed       : logi [1:2, 1:2] FALSE FALSE FALSE FALSE
> save(mp, file = "2001_Preserved network.RData")
> #load("2001_Preserved network.RData")
> 
> str(mp)
List of 6
 $ quality              :List of 5
  ..$ observed :List of 2
  .. ..$ ref.Low :List of 2
  .. .. ..$ inColumnsAlsoPresentIn.Low : logi NA
  .. .. ..$ inColumnsAlsoPresentIn.High:'data.frame':	19 obs. of  8 variables:
  .. .. .. ..$ moduleSize              : num [1:19] 1065 951 1349 1125 364 ...
  .. .. .. ..$ medianRank.qual         : num [1:19] 17.5 13 7.5 15 12 11 1 9 19 17.5 ...
  .. .. .. ..$ propVarExplained.qual   : num [1:19] 0.511 0.554 0.6 0.551 0.567 ...
  .. .. .. ..$ meanSignAwareKME.qual   : num [1:19] 0.7 0.727 0.755 0.725 0.742 ...
  .. .. .. ..$ meanSignAwareCorDat.qual: num [1:19] 0.49 0.529 0.57 0.526 0.55 ...
  .. .. .. ..$ meanAdj.qual            : num [1:19] 0.0693 0.0986 0.1285 0.0883 0.0984 ...
  .. .. .. ..$ meanClusterCoeff.qual   : num [1:19] 0.127 0.19 0.242 0.152 0.165 ...
  .. .. .. ..$ meanMAR.qual            : num [1:19] 0.156 0.207 0.23 0.172 0.203 ...
  .. ..$ ref.High:List of 2
  .. .. ..$ inColumnsAlsoPresentIn.Low :'data.frame':	25 obs. of  8 variables:
  .. .. .. ..$ moduleSize              : num [1:25] 502 925 1303 915 181 ...
  .. .. .. ..$ medianRank.qual         : num [1:25] 18 11.5 18 20 3.5 5 7 1 10 25 ...
  .. .. .. ..$ propVarExplained.qual   : num [1:25] 0.462 0.495 0.467 0.455 0.54 ...
  .. .. .. ..$ meanSignAwareKME.qual   : num [1:25] 0.65 0.683 0.649 0.649 0.724 ...
  .. .. .. ..$ meanSignAwareCorDat.qual: num [1:25] 0.422 0.466 0.421 0.421 0.522 ...
  .. .. .. ..$ meanAdj.qual            : num [1:25] 0.0601 0.0689 0.064 0.0577 0.0864 ...
  .. .. .. ..$ meanClusterCoeff.qual   : num [1:25] 0.142 0.149 0.149 0.134 0.155 ...
  .. .. .. ..$ meanMAR.qual            : num [1:25] 0.155 0.165 0.162 0.157 0.197 ...
  .. .. ..$ inColumnsAlsoPresentIn.High: logi NA
  ..$ Z        :List of 2
  .. ..$ ref.Low :List of 2
  .. .. ..$ inColumnsAlsoPresentIn.Low : logi NA
  .. .. ..$ inColumnsAlsoPresentIn.High:'data.frame':	19 obs. of  8 variables:
  .. .. .. ..$ moduleSize                : num [1:19] 1065 951 1349 1125 364 ...
  .. .. .. ..$ Zsummary.qual             : num [1:19] 47 67.5 107.8 68.5 39.5 ...
  .. .. .. ..$ Z.propVarExplained.qual   : num [1:19] 26.3 31.5 45.1 36.2 18.7 ...
  .. .. .. ..$ Z.meanSignAwareKME.qual   : num [1:19] 24.8 27.6 37.2 32.4 16.7 ...
  .. .. .. ..$ Z.meanSignAwareCorDat.qual: num [1:19] 381 368 470 376 197 ...
  .. .. .. ..$ Z.meanAdj.qual            : num [1:19] 67.7 103.5 170.6 100.8 60.2 ...
  .. .. .. ..$ Z.meanClusterCoeff.qual   : num [1:19] 4.51 20.1 39.45 12.42 8.14 ...
  .. .. .. ..$ Z.meanMAR.qual            : num [1:19] 0.678 14.858 24.643 6.088 8.382 ...
  .. ..$ ref.High:List of 2
  .. .. ..$ inColumnsAlsoPresentIn.Low :'data.frame':	25 obs. of  8 variables:
  .. .. .. ..$ moduleSize                : num [1:25] 502 925 1303 915 181 ...
  .. .. .. ..$ Zsummary.qual             : num [1:25] 65.8 115.8 111.1 85.8 52.9 ...
  .. .. .. ..$ Z.propVarExplained.qual   : num [1:25] 29.6 47.9 47.4 37 20.9 ...
  .. .. .. ..$ Z.meanSignAwareKME.qual   : num [1:25] 25.7 41.8 40.6 33.3 19 ...
  .. .. .. ..$ Z.meanSignAwareCorDat.qual: num [1:25] 343 576 715 577 182 ...
  .. .. .. ..$ Z.meanAdj.qual            : num [1:25] 102 183.8 174.9 134.5 84.9 ...
  .. .. .. ..$ Z.meanClusterCoeff.qual   : num [1:25] 18.5 32.5 33.8 25.2 12 ...
  .. .. .. ..$ Z.meanMAR.qual            : num [1:25] 11.9 22.4 21.7 17.9 12.4 ...
  .. .. ..$ inColumnsAlsoPresentIn.High: logi NA
  ..$ log.p    :List of 2
  .. ..$ ref.Low :List of 2
  .. .. ..$ inColumnsAlsoPresentIn.Low : logi NA
  .. .. ..$ inColumnsAlsoPresentIn.High:'data.frame':	19 obs. of  8 variables:
  .. .. .. ..$ moduleSize                    : num [1:19] 1065 951 1349 1125 364 ...
  .. .. .. ..$ log.psummary.qual             : num [1:19] -575 -1273 -3383 -1247 -433 ...
  .. .. .. ..$ log.p.propVarExplained.qual   : num [1:19] -151.7 -217.8 -443.3 -286.9 -77.8 ...
  .. .. .. ..$ log.p.meanSignAwareKME.qual   : num [1:19] -135 -168 -303 -230 -62 ...
  .. .. .. ..$ log.p.meanSignAwareCorDat.qual: num [1:19] -31560 -29421 -48045 -30736 -8430 ...
  .. .. .. ..$ log.p.meanAdj.qual            : num [1:19] -999 -2329 -6322 -2208 -789 ...
  .. .. .. ..$ log.p.meanClusterCoeff.qual   : num [1:19] -5.5 -89.4 -340 -35 -15.7 ...
  .. .. .. ..$ log.p.meanMAR.qual            : num [1:19] -0.604 -49.509 -133.655 -9.242 -16.586 ...
  .. ..$ ref.High:List of 2
  .. .. ..$ inColumnsAlsoPresentIn.Low :'data.frame':	25 obs. of  8 variables:
  .. .. .. ..$ moduleSize                    : num [1:25] 502 925 1303 915 181 ...
  .. .. .. ..$ log.psummary.qual             : num [1:25] -1228 -3919 -3566 -2114 -832 ...
  .. .. .. ..$ log.p.propVarExplained.qual   : num [1:25] -192.2 -499.8 -489.9 -299.9 -96.6 ...
  .. .. .. ..$ log.p.meanSignAwareKME.qual   : num [1:25] -145 -382 -360 -243 -80 ...
  .. .. .. ..$ log.p.meanSignAwareCorDat.qual: num [1:25] -25545 -72023 -110904 -72306 -7176 ...
  .. .. .. ..$ log.p.meanAdj.qual            : num [1:25] -2264 -7338 -6642 -3928 -1567 ...
  .. .. .. ..$ log.p.meanClusterCoeff.qual   : num [1:25] -76 -230.8 -250.6 -139.4 -32.5 ...
  .. .. .. ..$ log.p.meanMAR.qual            : num [1:25] -32.1 -110.7 -103.9 -71.4 -35 ...
  .. .. ..$ inColumnsAlsoPresentIn.High: logi NA
  ..$ log.pBonf:List of 2
  .. ..$ ref.Low :List of 2
  .. .. ..$ inColumnsAlsoPresentIn.Low : logi NA
  .. .. ..$ inColumnsAlsoPresentIn.High:'data.frame':	19 obs. of  8 variables:
  .. .. .. ..$ moduleSize                         : num [1:19] 1065 951 1349 1125 364 ...
  .. .. .. ..$ log.p.Bonfsummary.qual             : num [1:19] -574 -1272 -3381 -1246 -432 ...
  .. .. .. ..$ log.p.Bonf.propVarExplained.qual   : num [1:19] -150.5 -216.5 -442 -285.7 -76.5 ...
  .. .. .. ..$ log.p.Bonf.meanSignAwareKME.qual   : num [1:19] -133.9 -166.3 -301.9 -228.8 -60.8 ...
  .. .. .. ..$ log.p.Bonf.meanSignAwareCorDat.qual: num [1:19] -31558 -29419 -48044 -30734 -8429 ...
  .. .. .. ..$ log.p.Bonf.meanAdj.qual            : num [1:19] -997 -2327 -6320 -2206 -788 ...
  .. .. .. ..$ log.p.Bonf.meanClusterCoeff.qual   : num [1:19] -4.22 -88.12 -338.7 -33.71 -14.44 ...
  .. .. .. ..$ log.p.Bonf.meanMAR.qual            : num [1:19] 0 -48.23 -132.38 -7.96 -15.31 ...
  .. ..$ ref.High:List of 2
  .. .. ..$ inColumnsAlsoPresentIn.Low :'data.frame':	25 obs. of  8 variables:
  .. .. .. ..$ moduleSize                         : num [1:25] 502 925 1303 915 181 ...
  .. .. .. ..$ log.p.Bonfsummary.qual             : num [1:25] -1226 -3918 -3565 -2113 -831 ...
  .. .. .. ..$ log.p.Bonf.propVarExplained.qual   : num [1:25] -190.8 -498.4 -488.5 -298.5 -95.2 ...
  .. .. .. ..$ log.p.Bonf.meanSignAwareKME.qual   : num [1:25] -143.9 -380.4 -358.6 -241.3 -78.6 ...
  .. .. .. ..$ log.p.Bonf.meanSignAwareCorDat.qual: num [1:25] -25544 -72022 -110902 -72304 -7174 ...
  .. .. .. ..$ log.p.Bonf.meanAdj.qual            : num [1:25] -2262 -7337 -6641 -3927 -1566 ...
  .. .. .. ..$ log.p.Bonf.meanClusterCoeff.qual   : num [1:25] -74.6 -229.4 -249.2 -138 -31.1 ...
  .. .. .. ..$ log.p.Bonf.meanMAR.qual            : num [1:25] -30.7 -109.3 -102.5 -70 -33.6 ...
  .. .. ..$ inColumnsAlsoPresentIn.High: logi NA
  ..$ q        :List of 2
  .. ..$ ref.Low :List of 2
  .. .. ..$ inColumnsAlsoPresentIn.Low : logi NA
  .. .. ..$ inColumnsAlsoPresentIn.High:'data.frame':	19 obs. of  8 variables:
  .. .. .. ..$ moduleSize                : num [1:19] 1065 951 1349 1125 364 ...
  .. .. .. ..$ qsummary.qual             : num [1:19] NA NA NA NA NA NA NA NA NA NA ...
  .. .. .. ..$ q.propVarExplained.qual   : logi [1:19] NA NA NA NA NA NA ...
  .. .. .. ..$ q.meanSignAwareKME.qual   : logi [1:19] NA NA NA NA NA NA ...
  .. .. .. ..$ q.meanSignAwareCorDat.qual: logi [1:19] NA NA NA NA NA NA ...
  .. .. .. ..$ q.meanAdj.qual            : logi [1:19] NA NA NA NA NA NA ...
  .. .. .. ..$ q.meanClusterCoeff.qual   : logi [1:19] NA NA NA NA NA NA ...
  .. .. .. ..$ q.meanMAR.qual            : logi [1:19] NA NA NA NA NA NA ...
  .. ..$ ref.High:List of 2
  .. .. ..$ inColumnsAlsoPresentIn.Low :'data.frame':	25 obs. of  8 variables:
  .. .. .. ..$ moduleSize                : num [1:25] 502 925 1303 915 181 ...
  .. .. .. ..$ qsummary.qual             : num [1:25] NA NA NA NA NA NA NA NA NA NA ...
  .. .. .. ..$ q.propVarExplained.qual   : logi [1:25] NA NA NA NA NA NA ...
  .. .. .. ..$ q.meanSignAwareKME.qual   : logi [1:25] NA NA NA NA NA NA ...
  .. .. .. ..$ q.meanSignAwareCorDat.qual: logi [1:25] NA NA NA NA NA NA ...
  .. .. .. ..$ q.meanAdj.qual            : logi [1:25] NA NA NA NA NA NA ...
  .. .. .. ..$ q.meanClusterCoeff.qual   : logi [1:25] NA NA NA NA NA NA ...
  .. .. .. ..$ q.meanMAR.qual            : logi [1:25] NA NA NA NA NA NA ...
  .. .. ..$ inColumnsAlsoPresentIn.High: logi NA
 $ preservation         :List of 5
  ..$ observed :List of 2
  .. ..$ ref.Low :List of 2
  .. .. ..$ inColumnsAlsoPresentIn.Low : logi NA
  .. .. ..$ inColumnsAlsoPresentIn.High:'data.frame':	19 obs. of  16 variables:
  .. .. .. ..$ moduleSize                 : num [1:19] 1065 951 1349 1125 364 ...
  .. .. .. ..$ medianRank.pres            : num [1:19] 15 8 4 16 14 10 8 4 16 18 ...
  .. .. .. ..$ medianRankDensity.pres     : num [1:19] 15 8.5 5.5 13.5 16 10 8 5 17 16.5 ...
  .. .. .. ..$ medianRankConnectivity.pres: num [1:19] 15 7 3 17 13 10 8 2 11 19 ...
  .. .. .. ..$ propVarExplained.pres      : num [1:19] 0.203 0.304 0.389 0.22 0.188 ...
  .. .. .. ..$ meanSignAwareKME.pres      : num [1:19] 0.2605 0.3823 0.4169 0.0559 0.2515 ...
  .. .. .. ..$ meanSignAwareCorDat.pres   : num [1:19] 0.0945 0.1539 0.1847 0.0976 0.0862 ...
  .. .. .. ..$ meanAdj.pres               : num [1:19] 0.012 0.0276 0.0439 0.0138 0.015 ...
  .. .. .. ..$ meanClusterCoeff.pres      : num [1:19] 0.0561 0.1195 0.1438 0.0641 0.0915 ...
  .. .. .. ..$ meanMAR.pres               : num [1:19] 0.0913 0.142 0.1701 0.1046 0.1313 ...
  .. .. .. ..$ cor.kIM                    : num [1:19] 0.268 0.621 0.691 0.245 0.383 ...
  .. .. .. ..$ cor.kME                    : num [1:19] 0.2186 0.4591 0.569 0.0926 0.1851 ...
  .. .. .. ..$ cor.kMEall                 : num [1:19] 0.465 0.476 0.542 0.361 0.43 ...
  .. .. .. ..$ cor.cor                    : num [1:19] 0.206 0.343 0.43 0.177 0.242 ...
  .. .. .. ..$ cor.clusterCoeff           : num [1:19] 0.183 0.468 0.585 0.129 0.327 ...
  .. .. .. ..$ cor.MAR                    : num [1:19] 0.249 0.559 0.637 0.165 0.409 ...
  .. ..$ ref.High:List of 2
  .. .. ..$ inColumnsAlsoPresentIn.Low :'data.frame':	25 obs. of  16 variables:
  .. .. .. ..$ moduleSize                 : num [1:25] 502 925 1303 915 181 ...
  .. .. .. ..$ medianRank.pres            : num [1:25] 15 13 5 11 2 6 20 1 18 18 ...
  .. .. .. ..$ medianRankDensity.pres     : num [1:25] 13 13 4 12.5 1 6.5 20 2 16.5 20 ...
  .. .. .. ..$ medianRankConnectivity.pres: num [1:25] 15 19 5 9 10 5 20 1 23 12 ...
  .. .. .. ..$ propVarExplained.pres      : num [1:25] 0.382 0.367 0.496 0.416 0.681 ...
  .. .. .. ..$ meanSignAwareKME.pres      : num [1:25] 0.385 0.381 0.526 0.366 0.783 ...
  .. .. .. ..$ meanSignAwareCorDat.pres   : num [1:25] 0.163 0.162 0.279 0.153 0.609 ...
  .. .. .. ..$ meanAdj.pres               : num [1:25] 0.039 0.0461 0.0772 0.0435 0.2079 ...
  .. .. .. ..$ meanClusterCoeff.pres      : num [1:25] 0.144 0.18 0.198 0.148 0.318 ...
  .. .. .. ..$ meanMAR.pres               : num [1:25] 0.176 0.207 0.21 0.177 0.34 ...
  .. .. .. ..$ cor.kIM                    : num [1:25] 0.404 0.547 0.606 0.551 0.493 ...
  .. .. .. ..$ cor.kME                    : num [1:25] 0.311 0.238 0.467 0.426 0.419 ...
  .. .. .. ..$ cor.kMEall                 : num [1:25] 0.464 0.483 0.545 0.452 0.46 ...
  .. .. .. ..$ cor.cor                    : num [1:25] 0.275 0.238 0.383 0.31 0.356 ...
  .. .. .. ..$ cor.clusterCoeff           : num [1:25] 0.299 0.43 0.516 0.451 0.397 ...
  .. .. .. ..$ cor.MAR                    : num [1:25] 0.421 0.551 0.572 0.464 0.543 ...
  .. .. ..$ inColumnsAlsoPresentIn.High: logi NA
  ..$ Z        :List of 2
  .. ..$ ref.Low :List of 2
  .. .. ..$ inColumnsAlsoPresentIn.Low : logi NA
  .. .. ..$ inColumnsAlsoPresentIn.High:'data.frame':	19 obs. of  16 variables:
  .. .. .. ..$ moduleSize                : num [1:19] 1065 951 1349 1125 364 ...
  .. .. .. ..$ Zsummary.pres             : num [1:19] 12.92 34.54 56.81 8.05 9.51 ...
  .. .. .. ..$ Zdensity.pres             : num [1:19] 15 44.2 78.1 7.9 11.4 ...
  .. .. .. ..$ Zconnectivity.pres        : num [1:19] 10.8 24.88 35.5 8.2 7.59 ...
  .. .. .. ..$ Z.propVarExplained.pres   : num [1:19] -2.546 14.867 33.673 0.615 -2.58 ...
  .. .. .. ..$ Z.meanSignAwareKME.pres   : num [1:19] 23.44 34.3 37.28 3.92 14.59 ...
  .. .. .. ..$ Z.meanSignAwareCorDat.pres: num [1:19] 140.9 220.3 321.5 159.8 57.3 ...
  .. .. .. ..$ Z.meanAdj.pres            : num [1:19] 6.65 54.09 118.96 11.88 8.29 ...
  .. .. .. ..$ Z.meanClusterCoeff.pres   : num [1:19] -5.83 18.6 32.7 -2.5 3.49 ...
  .. .. .. ..$ Z.meanMAR.pres            : num [1:19] -7.02 11.7 25.3 -1.98 5.01 ...
  .. .. .. ..$ Z.cor.kIM                 : num [1:19] 9.21 17.65 24.74 8.2 7.59 ...
  .. .. .. ..$ Z.cor.kME                 : num [1:19] 10.8 24.88 35.5 3.47 4.07 ...
  .. .. .. ..$ Z.cor.kMEall              : num [1:19] 76.8 85 91.9 64 71.2 ...
  .. .. .. ..$ Z.cor.cor                 : num [1:19] 122.2 202.2 295.2 114.2 62.4 ...
  .. .. .. ..$ Z.cor.clusterCoeff        : num [1:19] 6.91 13.86 20.89 4.05 6.66 ...
  .. .. .. ..$ Z.cor.MAR                 : num [1:19] 9.11 15.99 24.07 5.45 8.23 ...
  .. ..$ ref.High:List of 2
  .. .. ..$ inColumnsAlsoPresentIn.Low :'data.frame':	25 obs. of  16 variables:
  .. .. .. ..$ moduleSize                : num [1:25] 502 925 1303 915 181 ...
  .. .. .. ..$ Zsummary.pres             : num [1:25] 14.1 24.4 47.9 24 36.1 ...
  .. .. .. ..$ Zdensity.pres             : num [1:25] 18.9 30.8 67.1 28.1 64.3 ...
  .. .. .. ..$ Zconnectivity.pres        : num [1:25] 9.35 17.93 28.72 19.87 7.88 ...
  .. .. .. ..$ Z.propVarExplained.pres   : num [1:25] 4.23 4.1 26.69 10.26 20.55 ...
  .. .. .. ..$ Z.meanSignAwareKME.pres   : num [1:25] 20.7 25.6 42 25.4 27.3 ...
  .. .. .. ..$ Z.meanSignAwareCorDat.pres: num [1:25] 82.4 130 273.8 122.8 149.5 ...
  .. .. .. ..$ Z.meanAdj.pres            : num [1:25] 17.1 35.9 92.2 30.8 101.2 ...
  .. .. .. ..$ Z.meanClusterCoeff.pres   : num [1:25] 5.7 19.3 27.1 9.4 24 ...
  .. .. .. ..$ Z.meanMAR.pres            : num [1:25] 4.49 16.69 19.04 6.51 21.5 ...
  .. .. .. ..$ Z.cor.kIM                 : num [1:25] 8.41 17.93 24.27 16.03 6.87 ...
  .. .. .. ..$ Z.cor.kME                 : num [1:25] 9.35 10.13 28.72 19.87 7.88 ...
  .. .. .. ..$ Z.cor.kMEall              : num [1:25] 81.8 87.7 111.3 84.1 77.6 ...
  .. .. .. ..$ Z.cor.cor                 : num [1:25] 80 95.9 210 137.9 42.2 ...
  .. .. .. ..$ Z.cor.clusterCoeff        : num [1:25] 6.4 13.98 19.72 13.96 4.95 ...
  .. .. .. ..$ Z.cor.MAR                 : num [1:25] 8.71 18.29 22.25 12.93 6.76 ...
  .. .. ..$ inColumnsAlsoPresentIn.High: logi NA
  ..$ log.p    :List of 2
  .. ..$ ref.Low :List of 2
  .. .. ..$ inColumnsAlsoPresentIn.Low : logi NA
  .. .. ..$ inColumnsAlsoPresentIn.High:'data.frame':	19 obs. of  16 variables:
  .. .. .. ..$ moduleSize                    : num [1:19] 1065 951 1349 1125 364 ...
  .. .. .. ..$ log.psummary.pres             : num [1:19] -46.4 -291.8 -982.6 -17.1 -22.9 ...
  .. .. .. ..$ log.pdensity.pres             : num [1:19] -65.9 -447.5 -1689.7 -18.2 -32 ...
  .. .. .. ..$ log.pconnectivity.pres        : num [1:19] -26.8 -136.2 -275.5 -15.9 -13.8 ...
  .. .. .. ..$ log.p.propVarExplained.pres   : num [1:19] -2.37e-03 -4.96e+01 -2.48e+02 -5.70e-01 -2.15e-03 ...
  .. .. .. ..$ log.p.meanSignAwareKME.pres   : num [1:19] -121.05 -257.44 -303.79 -4.36 -47.81 ...
  .. .. .. ..$ log.p.meanSignAwareCorDat.pres: num [1:19] -4311 -10540 -22450 -5548 -715 ...
  .. .. .. ..$ log.p.meanAdj.pres            : num [1:19] -10.8 -637.5 -3075.6 -32.1 -16.2 ...
  .. .. .. ..$ log.p.meanClusterCoeff.pres   : num [1:19] -1.17e-09 -7.68e+01 -2.34e+02 -2.73e-03 -3.62 ...
  .. .. .. ..$ log.p.meanMAR.pres            : num [1:19] -4.96e-13 -3.12e+01 -1.41e+02 -1.04e-02 -6.57 ...
  .. .. .. ..$ log.p.cor.kIM                 : num [1:19] -19.8 -69.3 -134.7 -15.9 -13.8 ...
  .. .. .. ..$ log.p.cor.kME                 : num [1:19] -26.76 -136.21 -275.54 -3.59 -4.62 ...
  .. .. .. ..$ log.p.cor.kMEall              : num [1:19] -1283 -1570 -1835 -892 -1103 ...
  .. .. .. ..$ log.p.cor.cor                 : num [1:19] -3243 -8881 -18931 -2834 -848 ...
  .. .. .. ..$ log.p.cor.clusterCoeff        : num [1:19] -11.6 -43.2 -96.5 -4.6 -10.9 ...
  .. .. .. ..$ log.p.cor.MAR                 : num [1:19] -19.4 -57.1 -127.6 -7.6 -16 ...
  .. ..$ ref.High:List of 2
  .. .. ..$ inColumnsAlsoPresentIn.Low :'data.frame':	25 obs. of  16 variables:
  .. .. .. ..$ moduleSize                    : num [1:25] 502 925 1303 915 181 ...
  .. .. .. ..$ log.psummary.pres             : num [1:25] -50.2 -142.4 -649.1 -131.1 -605.1 ...
  .. .. .. ..$ log.pdensity.pres             : num [1:25] -80 -213 -1117 -175 -1196 ...
  .. .. .. ..$ log.pconnectivity.pres        : num [1:25] -20.4 -71.5 -180.9 -87.4 -14.8 ...
  .. .. .. ..$ log.p.propVarExplained.pres   : num [1:25] -4.94 -4.68 -156.51 -24.26 -93.4 ...
  .. .. .. ..$ log.p.meanSignAwareKME.pres   : num [1:25] -94.9 -144.2 -384.7 -141.8 -163.9 ...
  .. .. .. ..$ log.p.meanSignAwareCorDat.pres: num [1:25] -1478 -3672 -16284 -3280 -4853 ...
  .. .. .. ..$ log.p.meanAdj.pres            : num [1:25] -65.2 -282.4 -1849.9 -207.8 -2227.1 ...
  .. .. .. ..$ log.p.meanClusterCoeff.pres   : num [1:25] -8.23 -82.9 -161.01 -20.55 -126.57 ...
  .. .. .. ..$ log.p.meanMAR.pres            : num [1:25] -5.45 -62.13 -80.39 -10.43 -102.06 ...
  .. .. .. ..$ log.p.cor.kIM                 : num [1:25] -16.7 -71.5 -129.7 -57.4 -11.5 ...
  .. .. .. ..$ log.p.cor.kME                 : num [1:25] -20.4 -23.7 -180.9 -87.4 -14.8 ...
  .. .. .. ..$ log.p.cor.kMEall              : num [1:25] -1454 -1673 -2691 -1539 -1311 ...
  .. .. .. ..$ log.p.cor.cor                 : num [1:25] -1392 -1999 -9582 -4134 -388 ...
  .. .. .. ..$ log.p.cor.clusterCoeff        : num [1:25] -10.11 -44 -86.12 -43.89 -6.42 ...
  .. .. .. ..$ log.p.cor.MAR                 : num [1:25] -17.8 -74.3 -109.2 -37.8 -11.2 ...
  .. .. ..$ inColumnsAlsoPresentIn.High: logi NA
  ..$ log.pBonf:List of 2
  .. ..$ ref.Low :List of 2
  .. .. ..$ inColumnsAlsoPresentIn.Low : logi NA
  .. .. ..$ inColumnsAlsoPresentIn.High:'data.frame':	19 obs. of  16 variables:
  .. .. .. ..$ moduleSize                         : num [1:19] 1065 951 1349 1125 364 ...
  .. .. .. ..$ log.p.Bonfsummary.pres             : num [1:19] -45.1 -290.6 -981.3 -15.8 -21.6 ...
  .. .. .. ..$ log.p.Bonfdensity.pres             : num [1:19] -64.7 -446.2 -1688.4 -17 -30.7 ...
  .. .. .. ..$ log.p.Bonfconnectivity.pres        : num [1:19] -25.5 -134.9 -274.3 -14.6 -12.5 ...
  .. .. .. ..$ log.p.Bonf.propVarExplained.pres   : num [1:19] 0 -48.3 -246.9 0 0 ...
  .. .. .. ..$ log.p.Bonf.meanSignAwareKME.pres   : num [1:19] -119.77 -256.17 -302.51 -3.08 -46.53 ...
  .. .. .. ..$ log.p.Bonf.meanSignAwareCorDat.pres: num [1:19] -4309 -10539 -22449 -5547 -714 ...
  .. .. .. ..$ log.p.Bonf.meanAdj.pres            : num [1:19] -9.55 -636.22 -3074.31 -30.85 -14.96 ...
  .. .. .. ..$ log.p.Bonf.meanClusterCoeff.pres   : num [1:19] 0 -75.51 -232.86 0 -2.34 ...
  .. .. .. ..$ log.p.Bonf.meanMAR.pres            : num [1:19] 0 -29.9 -139.48 0 -5.29 ...
  .. .. .. ..$ log.p.Bonf.cor.kIM                 : num [1:19] -18.5 -68 -133.4 -14.6 -12.5 ...
  .. .. .. ..$ log.p.Bonf.cor.kME                 : num [1:19] -25.49 -134.93 -274.26 -2.31 -3.34 ...
  .. .. .. ..$ log.p.Bonf.cor.kMEall              : num [1:19] -1281 -1569 -1833 -891 -1102 ...
  .. .. .. ..$ log.p.Bonf.cor.cor                 : num [1:19] -3242 -8880 -18930 -2833 -847 ...
  .. .. .. ..$ log.p.Bonf.cor.clusterCoeff        : num [1:19] -10.33 -41.96 -95.25 -3.32 -9.57 ...
  .. .. .. ..$ log.p.Bonf.cor.MAR                 : num [1:19] -18.1 -55.84 -126.34 -6.32 -14.76 ...
  .. ..$ ref.High:List of 2
  .. .. ..$ inColumnsAlsoPresentIn.Low :'data.frame':	25 obs. of  16 variables:
  .. .. .. ..$ moduleSize                         : num [1:25] 502 925 1303 915 181 ...
  .. .. .. ..$ log.p.Bonfsummary.pres             : num [1:25] -48.8 -141 -647.7 -129.7 -603.7 ...
  .. .. .. ..$ log.p.Bonfdensity.pres             : num [1:25] -78.6 -211.9 -1115.9 -173.4 -1194.1 ...
  .. .. .. ..$ log.p.Bonfconnectivity.pres        : num [1:25] -19 -70.1 -179.5 -86 -13.4 ...
  .. .. .. ..$ log.p.Bonf.propVarExplained.pres   : num [1:25] -3.54 -3.29 -155.12 -22.87 -92 ...
  .. .. .. ..$ log.p.Bonf.meanSignAwareKME.pres   : num [1:25] -93.5 -142.8 -383.3 -140.4 -162.5 ...
  .. .. .. ..$ log.p.Bonf.meanSignAwareCorDat.pres: num [1:25] -1477 -3670 -16283 -3278 -4851 ...
  .. .. .. ..$ log.p.Bonf.meanAdj.pres            : num [1:25] -63.8 -281 -1848.5 -206.4 -2225.7 ...
  .. .. .. ..$ log.p.Bonf.meanClusterCoeff.pres   : num [1:25] -6.83 -81.5 -159.61 -19.15 -125.17 ...
  .. .. .. ..$ log.p.Bonf.meanMAR.pres            : num [1:25] -4.05 -60.73 -79 -9.03 -100.66 ...
  .. .. .. ..$ log.p.Bonf.cor.kIM                 : num [1:25] -15.3 -70.1 -128.3 -56 -10.1 ...
  .. .. .. ..$ log.p.Bonf.cor.kME                 : num [1:25] -19 -22.3 -179.5 -86 -13.4 ...
  .. .. .. ..$ log.p.Bonf.cor.kMEall              : num [1:25] -1453 -1672 -2690 -1538 -1310 ...
  .. .. .. ..$ log.p.Bonf.cor.cor                 : num [1:25] -1390 -1997 -9580 -4132 -387 ...
  .. .. .. ..$ log.p.Bonf.cor.clusterCoeff        : num [1:25] -8.72 -42.6 -84.73 -42.49 -5.02 ...
  .. .. .. ..$ log.p.Bonf.cor.MAR                 : num [1:25] -16.43 -72.93 -107.85 -36.45 -9.76 ...
  .. .. ..$ inColumnsAlsoPresentIn.High: logi NA
  ..$ q        :List of 2
  .. ..$ ref.Low :List of 2
  .. .. ..$ inColumnsAlsoPresentIn.Low : logi NA
  .. .. ..$ inColumnsAlsoPresentIn.High:'data.frame':	19 obs. of  16 variables:
  .. .. .. ..$ moduleSize                : num [1:19] 1065 951 1349 1125 364 ...
  .. .. .. ..$ qsummary.pres             : num [1:19] 1.69e-17 0.00 0.00 2.17e-11 7.89e-08 ...
  .. .. .. ..$ qdensity.pres             : num [1:19] 9.40e-07 0.00 0.00 1.53e-17 1.91e-09 ...
  .. .. .. ..$ qconnectivity.pres        : num [1:19] 3.05e-28 3.66e-137 5.12e-276 3.07e-05 3.26e-06 ...
  .. .. .. ..$ q.propVarExplained.pres   : num [1:19] 9.95e-01 8.51e-50 1.38e-247 4.27e-01 9.95e-01 ...
  .. .. .. ..$ q.meanSignAwareKME.pres   : logi [1:19] NA NA NA NA NA NA ...
  .. .. .. ..$ q.meanSignAwareCorDat.pres: logi [1:19] NA NA NA NA NA NA ...
  .. .. .. ..$ q.meanAdj.pres            : num [1:19] 8.88e-13 0.00 0.00 5.52e-34 3.68e-18 ...
  .. .. .. ..$ q.meanClusterCoeff.pres   : num [1:19] 1.00 7.68e-77 1.38e-233 1.00 4.16e-04 ...
  .. .. .. ..$ q.meanMAR.pres            : num [1:19] 1.00 2.54e-31 3.31e-140 1.00 5.16e-07 ...
  .. .. .. ..$ q.cor.kIM                 : logi [1:19] NA NA NA NA NA NA ...
  .. .. .. ..$ q.cor.kME                 : num [1:19] 3.05e-28 3.66e-137 5.12e-276 3.07e-05 3.26e-06 ...
  .. .. .. ..$ q.cor.kMEall              : logi [1:19] NA NA NA NA NA NA ...
  .. .. .. ..$ q.cor.cor                 : logi [1:19] NA NA NA NA NA NA ...
  .. .. .. ..$ q.cor.clusterCoeff        : logi [1:19] NA NA NA NA NA NA ...
  .. .. .. ..$ q.cor.MAR                 : logi [1:19] NA NA NA NA NA NA ...
  .. ..$ ref.High:List of 2
  .. .. ..$ inColumnsAlsoPresentIn.Low :'data.frame':	25 obs. of  16 variables:
  .. .. .. ..$ moduleSize                : num [1:25] 502 925 1303 915 181 ...
  .. .. .. ..$ qsummary.pres             : num [1:25] 2.72e-43 1.05e-96 0.00 6.09e-108 1.79e-89 ...
  .. .. .. ..$ qdensity.pres             : num [1:25] 1.31e-66 8.46e-145 0.00 1.92e-142 2.71e-164 ...
  .. .. .. ..$ qconnectivity.pres        : num [1:25] 5.64e-20 1.31e-48 1.14e-155 1.93e-73 1.18e-14 ...
  .. .. .. ..$ q.propVarExplained.pres   : num [1:25] 3.18e-05 5.18e-05 7.66e-156 2.73e-24 3.35e-93 ...
  .. .. .. ..$ q.meanSignAwareKME.pres   : num [1:25] 1.32e-95 8.46e-145 0.00 1.92e-142 2.71e-164 ...
  .. .. .. ..$ q.meanSignAwareCorDat.pres: logi [1:25] NA NA NA NA NA NA ...
  .. .. .. ..$ q.meanAdj.pres            : num [1:25] 1.31e-66 1.37e-283 0.00 5.07e-209 0.00 ...
  .. .. .. ..$ q.meanClusterCoeff.pres   : num [1:25] 1.53e-08 5.21e-83 1.02e-160 8.34e-21 1.85e-126 ...
  .. .. .. ..$ q.meanMAR.pres            : num [1:25] 1.11e-05 3.75e-62 3.37e-80 1.32e-10 1.08e-101 ...
  .. .. .. ..$ q.cor.kIM                 : num [1:25] 1.17e-17 1.22e-71 1.47e-129 5.03e-58 1.80e-12 ...
  .. .. .. ..$ q.cor.kME                 : num [1:25] 2.71e-22 1.40e-25 8.92e-182 7.43e-89 7.79e-17 ...
  .. .. .. ..$ q.cor.kMEall              : logi [1:25] NA NA NA NA NA NA ...
  .. .. .. ..$ q.cor.cor                 : logi [1:25] NA NA NA NA NA NA ...
  .. .. .. ..$ q.cor.clusterCoeff        : num [1:25] 6.62e-11 4.42e-44 7.75e-86 4.42e-44 2.79e-07 ...
  .. .. .. ..$ q.cor.MAR                 : logi [1:25] NA NA NA NA NA NA ...
  .. .. ..$ inColumnsAlsoPresentIn.High: logi NA
 $ accuracy             :List of 7
  ..$ observed             :List of 2
  .. ..$ ref.Low :List of 2
  .. .. ..$ inColumnsAlsoPresentIn.Low : logi NA
  .. .. ..$ inColumnsAlsoPresentIn.High: num [1:18, 1:4] 1065 951 1349 1125 364 ...
  .. .. .. ..- attr(*, "dimnames")=List of 2
  .. .. .. .. ..$ : chr [1:18] "black" "blue" "brown" "cyan" ...
  .. .. .. .. ..$ : chr [1:4] "moduleSize" "accuracy" "minusLogFisherP" "coClustering"
  .. ..$ ref.High:List of 2
  .. .. ..$ inColumnsAlsoPresentIn.Low : num [1:24, 1:4] 502 925 1303 915 181 ...
  .. .. .. ..- attr(*, "dimnames")=List of 2
  .. .. .. .. ..$ : chr [1:24] "black" "blue" "brown" "cyan" ...
  .. .. .. .. ..$ : chr [1:4] "moduleSize" "accuracy" "minusLogFisherP" "coClustering"
  .. .. ..$ inColumnsAlsoPresentIn.High: logi NA
  ..$ Z                    :List of 2
  .. ..$ ref.Low :List of 2
  .. .. ..$ inColumnsAlsoPresentIn.Low : logi NA
  .. .. ..$ inColumnsAlsoPresentIn.High:'data.frame':	19 obs. of  4 variables:
  .. .. .. ..$ moduleSize       : num [1:19] 1065 951 1349 1125 364 ...
  .. .. .. ..$ Z.accuracy       : num [1:19] 3.805 27.217 37.916 2.578 -0.978 ...
  .. .. .. ..$ Z.minusLogFisherP: num [1:19] 39.8 308.8 429.6 80 21.6 ...
  .. .. .. ..$ Z.coClustering   : num [1:19] -3.99 34.979 69.72 -0.475 -2.296 ...
  .. ..$ ref.High:List of 2
  .. .. ..$ inColumnsAlsoPresentIn.Low :'data.frame':	25 obs. of  4 variables:
  .. .. .. ..$ moduleSize       : num [1:25] 502 925 1303 915 181 ...
  .. .. .. ..$ Z.accuracy       : num [1:25] 13.1 26.4 34.8 17 27.6 ...
  .. .. .. ..$ Z.minusLogFisherP: num [1:25] 36.6 340 346.5 91.9 123.9 ...
  .. .. .. ..$ Z.coClustering   : num [1:25] 21 56.6 77.9 35.8 70 ...
  .. .. ..$ inColumnsAlsoPresentIn.High: logi NA
  ..$ log.p                :List of 2
  .. ..$ ref.Low :List of 2
  .. .. ..$ inColumnsAlsoPresentIn.Low : logi NA
  .. .. ..$ inColumnsAlsoPresentIn.High:'data.frame':	19 obs. of  4 variables:
  .. .. .. ..$ moduleSize           : num [1:19] 1065 951 1349 1125 364 ...
  .. .. .. ..$ log.p.accuracy       : num [1:19] -4.1487 -162.6941 -314.1504 -2.3042 -0.0778 ...
  .. .. .. ..$ log.p.minusLogFisherP: num [1:19] -346 -20711 -40087 -1394 -103 ...
  .. .. .. ..$ log.p.coClustering   : num [1:19] -1.43e-05 -2.68e+02 -1.06e+03 -1.66e-01 -4.73e-03 ...
  .. ..$ ref.High:List of 2
  .. .. ..$ inColumnsAlsoPresentIn.Low :'data.frame':	25 obs. of  4 variables:
  .. .. .. ..$ moduleSize           : num [1:25] 502 925 1303 915 181 ...
  .. .. .. ..$ log.p.accuracy       : num [1:25] -38.5 -153.7 -264.3 -64.3 -166.7 ...
  .. .. .. ..$ log.p.minusLogFisherP: num [1:25] -293 -25108 -26072 -1838 -3335 ...
  .. .. .. ..$ log.p.coClustering   : num [1:25] -97.1 -698.2 -1321 -280.4 -1067.1 ...
  .. .. ..$ inColumnsAlsoPresentIn.High: logi NA
  ..$ log.pBonf            :List of 2
  .. ..$ ref.Low :List of 2
  .. .. ..$ inColumnsAlsoPresentIn.Low : logi NA
  .. .. ..$ inColumnsAlsoPresentIn.High:'data.frame':	19 obs. of  4 variables:
  .. .. .. ..$ moduleSize                : num [1:19] 1065 951 1349 1125 364 ...
  .. .. .. ..$ log.p.Bonf.accuracy       : num [1:19] -2.87 -161.42 -312.87 -1.03 0 ...
  .. .. .. ..$ log.p.Bonf.minusLogFisherP: num [1:19] -345 -20710 -40086 -1392 -102 ...
  .. .. .. ..$ log.p.Bonf.coClustering   : num [1:19] 0 -266 -1057 0 0 ...
  .. ..$ ref.High:List of 2
  .. .. ..$ inColumnsAlsoPresentIn.Low :'data.frame':	25 obs. of  4 variables:
  .. .. .. ..$ moduleSize                : num [1:25] 502 925 1303 915 181 ...
  .. .. .. ..$ log.p.Bonf.accuracy       : num [1:25] -37.1 -152.3 -262.9 -62.9 -165.3 ...
  .. .. .. ..$ log.p.Bonf.minusLogFisherP: num [1:25] -292 -25106 -26071 -1836 -3333 ...
  .. .. .. ..$ log.p.Bonf.coClustering   : num [1:25] -95.7 -696.8 -1319.6 -279.1 -1065.7 ...
  .. .. ..$ inColumnsAlsoPresentIn.High: logi NA
  ..$ q                    :List of 2
  .. ..$ ref.Low :List of 2
  .. .. ..$ inColumnsAlsoPresentIn.Low : logi NA
  .. .. ..$ inColumnsAlsoPresentIn.High:'data.frame':	19 obs. of  4 variables:
  .. .. .. ..$ moduleSize       : num [1:19] 1065 951 1349 1125 364 ...
  .. .. .. ..$ q.accuracy       : logi [1:19] NA NA NA NA NA NA ...
  .. .. .. ..$ q.minusLogFisherP: logi [1:19] NA NA NA NA NA NA ...
  .. .. .. ..$ q.coClustering   : logi [1:19] NA NA NA NA NA NA ...
  .. ..$ ref.High:List of 2
  .. .. ..$ inColumnsAlsoPresentIn.Low :'data.frame':	25 obs. of  4 variables:
  .. .. .. ..$ moduleSize       : num [1:25] 502 925 1303 915 181 ...
  .. .. .. ..$ q.accuracy       : logi [1:25] NA NA NA NA NA NA ...
  .. .. .. ..$ q.minusLogFisherP: logi [1:25] NA NA NA NA NA NA ...
  .. .. .. ..$ q.coClustering   : logi [1:25] NA NA NA NA NA NA ...
  .. .. ..$ inColumnsAlsoPresentIn.High: logi NA
  ..$ observedCounts       :List of 2
  .. ..$ ref.Low :List of 2
  .. .. ..$ inColumnsAlsoPresentIn.Low : logi NA
  .. .. ..$ inColumnsAlsoPresentIn.High: num [1:24, 1:18] 88 43 35 57 12 5 24 2 50 23 ...
  .. .. .. ..- attr(*, "dimnames")=List of 2
  .. .. .. .. ..$ : chr [1:24] "black" "blue" "brown" "cyan" ...
  .. .. .. .. ..$ : chr [1:18] "black" "blue" "brown" "cyan" ...
  .. ..$ ref.High:List of 2
  .. .. ..$ inColumnsAlsoPresentIn.Low : num [1:18, 1:24] 88 18 18 38 47 9 6 8 13 15 ...
  .. .. .. ..- attr(*, "dimnames")=List of 2
  .. .. .. .. ..$ : chr [1:18] "black" "blue" "brown" "cyan" ...
  .. .. .. .. ..$ : chr [1:24] "black" "blue" "brown" "cyan" ...
  .. .. ..$ inColumnsAlsoPresentIn.High: logi NA
  ..$ observedFisherPvalues:List of 2
  .. ..$ ref.Low :List of 2
  .. .. ..$ inColumnsAlsoPresentIn.Low : logi NA
  .. .. ..$ inColumnsAlsoPresentIn.High: num [1:24, 1:18] 1.91e-07 1.00 1.00 1.00 9.64e-01 ...
  .. .. .. ..- attr(*, "dimnames")=List of 2
  .. .. .. .. ..$ : chr [1:24] "black" "blue" "brown" "cyan" ...
  .. .. .. .. ..$ : chr [1:18] "black" "blue" "brown" "cyan" ...
  .. ..$ ref.High:List of 2
  .. .. ..$ inColumnsAlsoPresentIn.Low : num [1:18, 1:24] 1.91e-07 1.00 1.00 9.95e-01 4.42e-10 ...
  .. .. .. ..- attr(*, "dimnames")=List of 2
  .. .. .. .. ..$ : chr [1:18] "black" "blue" "brown" "cyan" ...
  .. .. .. .. ..$ : chr [1:24] "black" "blue" "brown" "cyan" ...
  .. .. ..$ inColumnsAlsoPresentIn.High: logi NA
 $ referenceSeparability:List of 5
  ..$ observed :List of 2
  .. ..$ ref.Low :List of 2
  .. .. ..$ inColumnsAlsoPresentIn.Low : logi NA
  .. .. ..$ inColumnsAlsoPresentIn.High:'data.frame':	19 obs. of  2 variables:
  .. .. .. ..$ moduleSize       : num [1:19] 1065 951 1349 1125 364 ...
  .. .. .. ..$ separability.qual: num [1:19] 0.281 0.301 0.246 0.258 0.281 ...
  .. ..$ ref.High:List of 2
  .. .. ..$ inColumnsAlsoPresentIn.Low :'data.frame':	25 obs. of  2 variables:
  .. .. .. ..$ moduleSize       : num [1:25] 502 925 1303 915 181 ...
  .. .. .. ..$ separability.qual: num [1:25] 0.216 0.316 0.319 0.319 0.473 ...
  .. .. ..$ inColumnsAlsoPresentIn.High: logi NA
  ..$ Z        :List of 2
  .. ..$ ref.Low :List of 2
  .. .. ..$ inColumnsAlsoPresentIn.Low : logi NA
  .. .. ..$ inColumnsAlsoPresentIn.High:'data.frame':	19 obs. of  2 variables:
  .. .. .. ..$ moduleSize         : num [1:19] 1065 951 1349 1125 364 ...
  .. .. .. ..$ Z.separability.qual: num [1:19] 265.15 4.16 151.07 284.6 131.83 ...
  .. ..$ ref.High:List of 2
  .. .. ..$ inColumnsAlsoPresentIn.Low :'data.frame':	25 obs. of  2 variables:
  .. .. .. ..$ moduleSize         : num [1:25] 502 925 1303 915 181 ...
  .. .. .. ..$ Z.separability.qual: num [1:25] 49.2 112.5 136.8 120.9 39.4 ...
  .. .. ..$ inColumnsAlsoPresentIn.High: logi NA
  ..$ log.p    :List of 2
  .. ..$ ref.Low :List of 2
  .. .. ..$ inColumnsAlsoPresentIn.Low : logi NA
  .. .. ..$ inColumnsAlsoPresentIn.High:'data.frame':	19 obs. of  2 variables:
  .. .. .. ..$ moduleSize             : num [1:19] 1065 951 1349 1125 364 ...
  .. .. .. ..$ log.p.separability.qual: num [1:19, 1] -15268.93 -4.81 -4958.53 -17590.63 -3776.25 ...
  .. ..$ ref.High:List of 2
  .. .. ..$ inColumnsAlsoPresentIn.Low :'data.frame':	25 obs. of  2 variables:
  .. .. .. ..$ moduleSize             : num [1:25] 502 925 1303 915 181 ...
  .. .. .. ..$ log.p.separability.qual: num [1:25, 1] -528 -2753 -4068 -3176 -339 ...
  .. .. ..$ inColumnsAlsoPresentIn.High: logi NA
  ..$ log.pBonf:List of 2
  .. ..$ ref.Low :List of 2
  .. .. ..$ inColumnsAlsoPresentIn.Low : logi NA
  .. .. ..$ inColumnsAlsoPresentIn.High:'data.frame':	19 obs. of  2 variables:
  .. .. .. ..$ moduleSize                  : num [1:19] 1065 951 1349 1125 364 ...
  .. .. .. ..$ log.p.Bonf.separability.qual: num [1:19, 1] -15267.65 -3.53 -4957.25 -17589.35 -3774.97 ...
  .. ..$ ref.High:List of 2
  .. .. ..$ inColumnsAlsoPresentIn.Low :'data.frame':	25 obs. of  2 variables:
  .. .. .. ..$ moduleSize                  : num [1:25] 502 925 1303 915 181 ...
  .. .. .. ..$ log.p.Bonf.separability.qual: num [1:25, 1] -527 -2752 -4067 -3175 -338 ...
  .. .. ..$ inColumnsAlsoPresentIn.High: logi NA
  ..$ q        :List of 2
  .. ..$ ref.Low :List of 2
  .. .. ..$ inColumnsAlsoPresentIn.Low : logi NA
  .. .. ..$ inColumnsAlsoPresentIn.High:'data.frame':	19 obs. of  2 variables:
  .. .. .. ..$ moduleSize         : num [1:19] 1065 951 1349 1125 364 ...
  .. .. .. ..$ q.separability.qual: logi [1:19] NA NA NA NA NA NA ...
  .. ..$ ref.High:List of 2
  .. .. ..$ inColumnsAlsoPresentIn.Low :'data.frame':	25 obs. of  2 variables:
  .. .. .. ..$ moduleSize         : num [1:25] 502 925 1303 915 181 ...
  .. .. .. ..$ q.separability.qual: logi [1:25] NA NA NA NA NA NA ...
  .. .. ..$ inColumnsAlsoPresentIn.High: logi NA
 $ testSeparability     :List of 5
  ..$ observed :List of 2
  .. ..$ ref.Low :List of 2
  .. .. ..$ inColumnsAlsoPresentIn.Low : logi NA
  .. .. ..$ inColumnsAlsoPresentIn.High:'data.frame':	19 obs. of  2 variables:
  .. .. .. ..$ moduleSize       : num [1:19] 1065 951 1349 1125 364 ...
  .. .. .. ..$ separability.pres: num [1:19] 0.0749 0.1868 0.2667 0.0749 0.141 ...
  .. ..$ ref.High:List of 2
  .. .. ..$ inColumnsAlsoPresentIn.Low :'data.frame':	25 obs. of  2 variables:
  .. .. .. ..$ moduleSize       : num [1:25] 502 925 1303 915 181 ...
  .. .. .. ..$ separability.pres: num [1:25] 0.021 0.1862 0.0252 0.0252 0.0638 ...
  .. .. ..$ inColumnsAlsoPresentIn.High: logi NA
  ..$ Z        :List of 2
  .. ..$ ref.Low :List of 2
  .. .. ..$ inColumnsAlsoPresentIn.Low : logi NA
  .. .. ..$ inColumnsAlsoPresentIn.High:'data.frame':	19 obs. of  2 variables:
  .. .. .. ..$ moduleSize         : num [1:19] 1065 951 1349 1125 364 ...
  .. .. .. ..$ Z.separability.pres: num [1:19] 18.3 60.5 104.9 16.4 14.2 ...
  .. ..$ ref.High:List of 2
  .. .. ..$ inColumnsAlsoPresentIn.Low :'data.frame':	25 obs. of  2 variables:
  .. .. .. ..$ moduleSize         : num [1:25] 502 925 1303 915 181 ...
  .. .. .. ..$ Z.separability.pres: num [1:25] 16 266 39.2 26 20.6 ...
  .. .. ..$ inColumnsAlsoPresentIn.High: logi NA
  ..$ log.p    :List of 2
  .. ..$ ref.Low :List of 2
  .. .. ..$ inColumnsAlsoPresentIn.Low : logi NA
  .. .. ..$ inColumnsAlsoPresentIn.High:'data.frame':	19 obs. of  2 variables:
  .. .. .. ..$ moduleSize             : num [1:19] 1065 951 1349 1125 364 ...
  .. .. .. ..$ log.p.separability.pres: num [1:19, 1] -74.1 -797.9 -2391.2 -60.3 -45.4 ...
  .. ..$ ref.High:List of 2
  .. .. ..$ inColumnsAlsoPresentIn.Low :'data.frame':	25 obs. of  2 variables:
  .. .. .. ..$ moduleSize             : num [1:25] 502 925 1303 915 181 ...
  .. .. .. ..$ log.p.separability.pres: num [1:25, 1] -57 -15362.2 -335.7 -148.9 -93.6 ...
  .. .. ..$ inColumnsAlsoPresentIn.High: logi NA
  ..$ log.pBonf:List of 2
  .. ..$ ref.Low :List of 2
  .. .. ..$ inColumnsAlsoPresentIn.Low : logi NA
  .. .. ..$ inColumnsAlsoPresentIn.High:'data.frame':	19 obs. of  2 variables:
  .. .. .. ..$ moduleSize                  : num [1:19] 1065 951 1349 1125 364 ...
  .. .. .. ..$ log.p.Bonf.separability.pres: num [1:19, 1] -72.8 -796.6 -2389.9 -59 -44.2 ...
  .. ..$ ref.High:List of 2
  .. .. ..$ inColumnsAlsoPresentIn.Low :'data.frame':	25 obs. of  2 variables:
  .. .. .. ..$ moduleSize                  : num [1:25] 502 925 1303 915 181 ...
  .. .. .. ..$ log.p.Bonf.separability.pres: num [1:25, 1] -55.6 -15360.8 -334.3 -147.5 -92.2 ...
  .. .. ..$ inColumnsAlsoPresentIn.High: logi NA
  ..$ q        :List of 2
  .. ..$ ref.Low :List of 2
  .. .. ..$ inColumnsAlsoPresentIn.Low : logi NA
  .. .. ..$ inColumnsAlsoPresentIn.High:'data.frame':	19 obs. of  2 variables:
  .. .. .. ..$ moduleSize         : num [1:19] 1065 951 1349 1125 364 ...
  .. .. .. ..$ q.separability.pres: logi [1:19] NA NA NA NA NA NA ...
  .. ..$ ref.High:List of 2
  .. .. ..$ inColumnsAlsoPresentIn.Low :'data.frame':	25 obs. of  2 variables:
  .. .. .. ..$ moduleSize         : num [1:25] 502 925 1303 915 181 ...
  .. .. .. ..$ q.separability.pres: logi [1:25] NA NA NA NA NA NA ...
  .. .. ..$ inColumnsAlsoPresentIn.High: logi NA
 $ permutationDetails   :List of 5
  ..$ permutedStatistics      :List of 2
  .. ..$ :List of 2
  .. .. ..$ : NULL
  .. .. ..$ :List of 2
  .. .. .. ..$ regStats: num [1:19, 1:20, 1:200] 0.348 0.346 0.342 0.329 0.351 ...
  .. .. .. .. ..- attr(*, "dimnames")=List of 3
  .. .. .. .. .. ..$ : chr [1:19] "black" "blue" "brown" "cyan" ...
  .. .. .. .. .. ..$ : chr [1:20] "propVarExplained.qual" "meanSignAwareKME.qual" "separability.qual" "meanSignAwareCorDat.qual" ...
  .. .. .. .. .. ..$ : chr [1:200] "Permutation.1" "Permutation.2" "Permutation.3" "Permutation.4" ...
  .. .. .. ..$ fixStats: num [1:18, 1:3, 1:200] 0.139 0.131 0.131 0.134 0.148 ...
  .. .. .. .. ..- attr(*, "dimnames")=List of 3
  .. .. .. .. .. ..$ : chr [1:18] "black" "blue" "brown" "cyan" ...
  .. .. .. .. .. ..$ : chr [1:3] "accuracy" "minusLogFisherP" "coClustering"
  .. .. .. .. .. ..$ : chr [1:200] "Permutation.1" "Permutation.2" "Permutation.3" "Permutation.4" ...
  .. ..$ :List of 1
  .. .. ..$ :List of 2
  .. .. .. ..$ regStats: num [1:25, 1:20, 1:200] 0.216 0.211 0.205 0.207 0.247 ...
  .. .. .. .. ..- attr(*, "dimnames")=List of 3
  .. .. .. .. .. ..$ : chr [1:25] "black" "blue" "brown" "cyan" ...
  .. .. .. .. .. ..$ : chr [1:20] "propVarExplained.qual" "meanSignAwareKME.qual" "separability.qual" "meanSignAwareCorDat.qual" ...
  .. .. .. .. .. ..$ : chr [1:200] "Permutation.1" "Permutation.2" "Permutation.3" "Permutation.4" ...
  .. .. .. ..$ fixStats: num [1:24, 1:3, 1:200] 0.124 0.147 0.116 0.128 0.122 ...
  .. .. .. .. ..- attr(*, "dimnames")=List of 3
  .. .. .. .. .. ..$ : chr [1:24] "black" "blue" "brown" "cyan" ...
  .. .. .. .. .. ..$ : chr [1:3] "accuracy" "minusLogFisherP" "coClustering"
  .. .. .. .. .. ..$ : chr [1:200] "Permutation.1" "Permutation.2" "Permutation.3" "Permutation.4" ...
  ..$ interpolationModuleSizes:List of 2
  .. ..$ :List of 2
  .. .. ..$ : NULL
  .. .. ..$ : num [1:19] 1065 951 1349 1125 364 ...
  .. ..$ :List of 1
  .. .. ..$ : num [1:25] 502 925 1303 915 181 ...
  ..$ interpolationStatNames  : chr [1:20] "propVarExplained.qual" "meanSignAwareKME.qual" "separability.qual" "meanSignAwareCorDat.qual" ...
  ..$ permutationsPresent     : logi [1:2, 1:2] FALSE TRUE TRUE FALSE
  ..$ interpolationUsed       : logi [1:2, 1:2] FALSE FALSE FALSE FALSE
> 
> # Calculation of In-Group proportion --------------------------------------
> library(clusterRepro)
> #install.packages("impute") # impute is not available for 3.1.0 
> #and we do not have missing expression data so we do exclude from further analysis 
> 
> #source("http://bioconductor.org/biocLite.R")
> #biocLite("impute")
> library(impute)
> 
> # Impute missing data and calculate eigengenes
> impExpr = list()
> for (set in 1:nSets)
+ {
+ impExpr[[set]] = list(data =t(impute.knn(t(multiExpr[[set]]$data))$data))
+ }
Cluster size 10439 broken into 1928 8511 
Cluster size 1928 broken into 1377 551 
Done cluster 1377 
Done cluster 551 
Done cluster 1928 
Cluster size 8511 broken into 2440 6071 
Cluster size 2440 broken into 631 1809 
Done cluster 631 
Cluster size 1809 broken into 688 1121 
Done cluster 688 
Done cluster 1121 
Done cluster 1809 
Done cluster 2440 
Cluster size 6071 broken into 2109 3962 
Cluster size 2109 broken into 899 1210 
Done cluster 899 
Done cluster 1210 
Done cluster 2109 
Cluster size 3962 broken into 2377 1585 
Cluster size 2377 broken into 1434 943 
Done cluster 1434 
Done cluster 943 
Done cluster 2377 
Cluster size 1585 broken into 755 830 
Done cluster 755 
Done cluster 830 
Done cluster 1585 
Done cluster 3962 
Done cluster 6071 
Done cluster 8511 
Cluster size 10439 broken into 1813 8626 
Cluster size 1813 broken into 463 1350 
Done cluster 463 
Done cluster 1350 
Done cluster 1813 
Cluster size 8626 broken into 6078 2548 
Cluster size 6078 broken into 2130 3948 
Cluster size 2130 broken into 1156 974 
Done cluster 1156 
Done cluster 974 
Done cluster 2130 
Cluster size 3948 broken into 1464 2484 
Done cluster 1464 
Cluster size 2484 broken into 1508 976 
Cluster size 1508 broken into 701 807 
Done cluster 701 
Done cluster 807 
Done cluster 1508 
Done cluster 976 
Done cluster 2484 
Done cluster 3948 
Done cluster 6078 
Cluster size 2548 broken into 1103 1445 
Done cluster 1103 
Done cluster 1445 
Done cluster 2548 
Done cluster 8626 
> 
> eigengenes = list()
> for (set in 1:nSets)
+ {
+ eigengenes[[set]] = multiSetMEs(impExpr, universalColors = colorList_refhigh[[set]], excludeGrey = TRUE) # #changed 2001
+ for (ss in 1:nSets)
+ {
+ rownames(eigengenes[[set]][[ss]]$data) = rownames(multiExpr[[ss]]$data)
+ }}
 multiSetMEs: Calculating module MEs.
   Working on set 1 ...
   Working on set 2 ...
 multiSetMEs: Calculating module MEs.
   Working on set 1 ...
   Working on set 2 ...
> 
> checkSets(impExpr, checkStructure = TRUE)
$nSets
[1] 2

$nGenes
[1] 10439

$nSamples
[1] 24 24

$structureOK
[1] TRUE

> 
> # Here comes the IGP calculation
> library(clusterRepro)
> cr = list()
> set.seed(20)
> for (ref in 1:nSets)
+ {
+ cr[[ref]] = list()
+ for (test in 1:nSets)
+ {
+ printFlush(system.time({
+ cr[[ref]][[test]] = clusterRepro(Centroids = as.matrix(eigengenes[[ref]][[test]]$data),
+ New.data = as.matrix(impExpr[[test]]$data),
+ Number.of.permutations = 10000)}))  # adjust 100 to 10000
+ collectGarbage()
+ }
+ }
996693.2 37628.21 138671.3 0 0
996870.6 37675.64 138607.3 0 0
968696.7 36224.41 137676.5 0 0
988166.6 37486.62 139280.6 0 0
> 
> # Save the results
> save(cr, file = "2001_Low-High-clusterRepro_5000_2.RData")
> 
> # Stats -------------------------------------------------------------------
> # Load the module preservation statistics
> # load(file = "Low-High-clusterRepro_10000.RData")
> # load(file = "Preserved network.RData")
> 
> ref <-  2 # Select the High data as test   # changed 20012016
> test <- 1 #  Select the Low data as reference
> # We could switch ref and test if we want 
> statsObs = cbind(mp$quality$observed[[ref]][[test]][, -1], mp$preservation$observed[[ref]][[test]][, -1])
> statsZ = cbind(mp$quality$Z[[ref]][[test]][, -1], mp$preservation$Z[[ref]][[test]][, -1])
> 
> print(signif(statsZ[, "Zsummary.pres", drop = FALSE],2))
              Zsummary.pres
black                  14.0
blue                   24.0
brown                  48.0
cyan                   24.0
darkgreen              36.0
darkgrey               11.0
darkorange              2.7
darkred                42.0
darkturquoise           5.3
gold                   19.0
greenyellow            14.0
grey60                  8.4
lightcyan               2.8
lightgreen              4.4
lightyellow             8.1
midnightblue            4.5
orange                  9.5
pink                   19.0
purple                 24.0
red                    18.0
royalblue              11.0
salmon                  9.3
tan                     2.6
turquoise              21.0
yellow                 33.0
> # Compare preservation to quality:
> print(signif(statsZ[, c("Zsummary.pres", "Zsummary.qual")], 2))
              Zsummary.pres Zsummary.qual
black                  14.0         66.00
blue                   24.0        120.00
brown                  48.0        110.00
cyan                   24.0         86.00
darkgreen              36.0         53.00
darkgrey               11.0         52.00
darkorange              2.7         34.00
darkred                42.0         76.00
darkturquoise           5.3         39.00
gold                   19.0          0.08
greenyellow            14.0         44.00
grey60                  8.4         42.00
lightcyan               2.8         66.00
lightgreen              4.4         28.00
lightyellow             8.1         22.00
midnightblue            4.5         32.00
orange                  9.5         43.00
pink                   19.0         50.00
purple                 24.0         73.00
red                    18.0         89.00
royalblue              11.0         34.00
salmon                  9.3         49.00
tan                     2.6         50.00
turquoise              21.0        100.00
yellow                 33.0         90.00
> 
> # Plots -------------------------------------------------------------------
> ref <-  2   #changed 20012016
> test <- 1
> ind <-  1  # what is this for?
> stats <-  mp$preservation$observed[[ref]][[test]]
> labelsX <- rownames(stats)
> labelsX[labelsX=="gold"] <- "grey99"  # if gold is there it will be replaces by grey99
> modColors <- labelsX
> plotMods <- !(modColors %in% c("grey", "grey99"))  
> moduleSizes <- stats[plotMods, 1]
> textLabels <- match(modColors, standardColors(length(labelsX)))[plotMods]  # DB: cols no from labelsX
> colorLabels <- labelsX[plotMods]
> 
> # Further graphs ----------------------------------------------------------
> nModules = sum(plotMods)
> nPlots = 6
> plotData = list()
> 
> # Fill up the plotData
> plotData[[1]] = plotData[[2]] = matrix(0, nModules, nPlots)
> plotData[[1]][, c(1:4)] = moduleSizes
> plotData[[2]][, 1] = mp$preservation$Z[[ref]][[test]]$Zsummary.pres[plotMods]
> plotData[[2]][, 2] = mp$preservation$observed[[ref]][[test]]$medianRank.pres[plotMods]
> 
> # Match the modulePreservation ordering of modules to that of clusterRepro
> crLabels = sort(unique(colorLabels))
> mp2cr = match(colorLabels, crLabels)
> 
> # Scatterplots of IGP and p-value vs. module size
> plotData[[2]][, 3] = cr[[ref]][[test]]$Actual.IGP   ### CHECK - DID NOT WORK     DB: DID work for me
> plotData[[2]][, 4] = -log10(cr[[ref]][[test]]$p.value + 1e-4)    ### CHECK - DID NOT WORK      DB: DID work for me
> 
> # Scatterplot of observed IGP vs. Zsummary and medianRank
> plotData[[1]][, c(5,6)] = plotData[[2]][, c(1:2)]
> plotData[[2]][, c(5,6)] = plotData[[2]][, 3]
> 
> # Plot annotation
> xLabs = c(rep("Module size", 4), "Zsummary", "Median rank")
> yLabs = c("Zsummary", "Median rank", "Observed IGP", "-log10(IGP perm p)", "Observed IGP", "Observed IGP")
> mains = spaste(LETTERS[1:nPlots], ". ", #rep("Ref: Human, Test: Chimp\n", nPlots),
+ c(yLabs[1:4], paste(yLabs[5:6], "vs.", xLabs[5:6])),
+ c("", "", "", "", "\n", "\n"))
> 
> # Scatterplot options
> verbose = c(rep(FALSE, 4), rep(TRUE, 2))
> ablines = list(c(0, 2, 10), NA, NA, c(-log10(0.05), -log10(0.05/nModules)), NA, NA)
> abColors = list(c("black", "blue", "darkgreen"), NA, NA, c("blue", "red"), NA, NA)
> logs = c("x", "x", "x", "x", "", "")
> invertY = c(FALSE, TRUE, rep(FALSE, 4))
> verSP = function(...) { verboseScatterplot(..., abline = TRUE) }
> 
> cexLabels = 1.4
> #sizeGrWindow(6,9)
> pdf(file = "2001_Low_Specific-NetworkAndIGPStatistics.pdf", w=6, h=9, onefile = FALSE)
> par(mfrow = c(3,2))
> par(mar = c(3.3, 3.3, 3.2, 0.5))
> par(mgp = c(2, 0.6, 0))
> for (p in 1:nPlots)
+ {
+ x = plotData[[1]][, p]
+ y = plotData[[2]][, p]
+ miny = min(y, ablines[[p]], na.rm = TRUE)
+ maxy = max(y, ablines[[p]], na.rm = TRUE)
+ miny = miny - (maxy-miny)*0.1
+ maxy = maxy + (maxy-miny)*0.1
+ (if (verbose[p]) verSP else plot ) (plotData[[1]][, p], plotData[[2]][, p],
+ main = mains[p],
+ xlab = xLabs[p],
+ ylab = yLabs[p],
+ cex.main = cexLabels, cex.lab = cexLabels, cex.axis = cexLabels,
+ bg = colorLabels,
+ col = colorLabels, cex = 2.2,
+ ylim = if (invertY[p]) c(maxy, miny) else c(miny, maxy),
+ pch = 21,
+ log = logs[p])
+ labelPoints(plotData[[1]][, p], plotData[[2]][, p], textLabels, cex = cexLabels, offs = 0.06)
+ if (!is.na(ablines[[p]][[1]]))
+ for (al in 1:length(ablines[[p]]))
+ abline(h = ablines[[p]][[al]], col = abColors[[p]][[al]], lty = 2)
+ }
> dev.off()
null device 
          1 
> 
> # Plots of all statistics -------------------------------------------------
> figNames = c("quality", "preservation")
> useStats = list(c(1:8)+1, c(9:24)+1) # There are 24 statistics, CHECK in STATS!
> sectioning = list(c(2,4), c(4,5))
> dims = list(sectioning[[1]] * 1.8, sectioning[[2]]*1.8)
> 
> for (f in 1:2)  {
+ pdf(file=spaste("2001_LowHigh-LowSpecific-modulePreservation-", figNames[f],"-%02d.pdf"),
+ 
+ w=dims[[f]][2], h=dims[[f]][1], onefile = FALSE)
+ for (ref in 1:nSets) for (test in 1:nSets) if (ref!=test)
+ {
+ stats = cbind(mp$quality$Z[[ref]][[test]],   # 19 25
+ mp$referenceSeparability$Z[[ref]][[test]][, -1, drop = FALSE],  # 19 1
+ mp$preservation$Z[[ref]][[test]][, -1],  # 19 13
+ mp$accuracy$Z[[ref]][[test]][, -1], # 19 3
+ mp$testSeparability$Z[[ref]][[test]][, -1, drop = FALSE]) # 19 1
+ labelsX = rownames(stats)
+ labelsX[labelsX=="gold"] = "grey99"
+ modColors = labelsX
+ moduleSizes = stats[, 1]
+ plotMods = !(modColors %in% c("grey", "grey99")) # 17
+ plotStats = useStats[[f]]
+ textLabels = match(modColors, standardColors(length(labelsX)))[plotMods]  # 17
+ par(mfrow = sectioning[[f]])
+ par(mar = c(3.0, 3.0, 4, 0.4))
+ par(mgp = c(1.7, 0.6, 0))
+ 
+   for (s in plotStats)
+ {
+ min = min(stats[plotMods, s], na.rm = TRUE)
+ max = max(stats[plotMods, s], na.rm = TRUE)
+ minMS = min(moduleSizes[plotMods])
+ maxMS = max(moduleSizes[plotMods])
+ nms = colnames(stats)
+ if (max < 10) max = 10
+ if (min > -max/5) min = -max/5
+ 
+ plot(moduleSizes[plotMods], stats[plotMods, s], col = 1, bg = modColors[plotMods], pch = 21,
+ main = paste("Ref.:", setLabels[ref], "\nTest:", setLabels[test], "\n", nms[s]),
+ cex = 1.2,
+ cex.main = 1.0,
+ ylab = nms[s], xlab = "Module size", log = "x",
+ #ylim = c(min, max + 0.1 * (max-min)),
+ #ylim = c(5, 1400 + 0.1 * (max-min)),
+ ylim = range(c(min, max + 0.1 * (max-min)), na.rm=TRUE),
+ xlim = c(minMS/(maxMS/minMS)^0.1, maxMS*(maxMS/minMS)^0.1)
+ )
+ labelPoints(moduleSizes[plotMods], stats[plotMods, s], textLabels, cex = 0.90, offs = 0.06)
+ abline(h=0)
+ abline(h=2, col = "blue", lty = 2)
+ abline(h=10, col = "darkgreen", lty = 2)
+ }
+ }
+ dev.off()
+ }
> 
> # Output of complete results  ---------------------------------------------
> # This variable will contain the summary table
> summaryTable = NULL
> # Loop over all combinations of reference and tests sets
> for (ref in 1:nSets) for (test in 1:nSets) if (ref!=test)
+ {
+ modules = rownames(mp$preservation$Z[[ref]][[test]]);
+ nMods = length(modules);
+ sizes = mp$preservation$Z[[ref]][[test]][, 1];
+ acc = matrix(NA, nMods, 3);
+ if (test!=4)
+ {
+ acc[match(rownames(mp$accuracy$observed[[ref]][[test]]), modules), ] =
+ mp$accuracy$observed[[ref]][[test]][, -1, drop = FALSE];
+ colnames(acc) = colnames(mp$accuracy$observed[[ref]][[test]])[-1];
+ accZ = mp$accuracy$Z[[ref]][[test]][, -1, drop = FALSE];
+ acc.log.p = mp$accuracy$log.p[[ref]][[test]][, -1, drop = FALSE];
+ acc.log.pBonf = mp$accuracy$log.pBonf[[ref]][[test]][, -1, drop = FALSE];
+ } else {
+ accZ = matrix(NA, nMods, 3);
+ acc.log.p = matrix(NA, nMods, 3);
+ acc.log.pBonf = matrix(NA, nMods, 3);
+ colnames(acc) = colnames(mp$accuracy$observed[[1]][[2]])[-1];
+ colnames(accZ) = colnames(mp$accuracy$Z[[1]][[2]])[-1];
+ colnames(acc.log.p) = colnames(mp$accuracy$log.p[[1]][[2]])[-1];
+ colnames(acc.log.pBonf) = colnames(mp$accuracy$log.pBonf[[1]][[2]])[-1];
+ }
+ # Table of results for this reference-test combination
+ tab = cbind(referenceSet = rep(setLabels[ref], nMods),
+ testSet = rep(setLabels[test], nMods),
+ moduleLabel = modules,
+ moduleSize = sizes,
+ mp$quality$observed[[ref]][[test]][, -1, drop = FALSE],
+ mp$preservation$observed[[ref]][[test]][, -1, drop = FALSE],
+ acc,
+ mp$referenceSeparability$observed[[ref]][[test]][, -1, drop = FALSE],
+ mp$testSeparability$observed[[ref]][[test]][, -1, drop = FALSE],
+ mp$quality$Z[[ref]][[test]][, -1, drop = FALSE],
+ mp$quality$log.p[[ref]][[test]][, -1, drop = FALSE],
+ mp$quality$log.pBonf[[ref]][[test]][, -1, drop = FALSE],
+ mp$preservation$Z[[ref]][[test]][, -1, drop = FALSE],
+ mp$preservation$log.p[[ref]][[test]][, -1, drop = FALSE],
+ mp$preservation$log.pBonf[[ref]][[test]][, -1, drop = FALSE],
+ accZ,
+ acc.log.p,
+ acc.log.pBonf,
+ mp$referenceSeparability$Z[[ref]][[test]][, -1, drop = FALSE],
+ mp$referenceSeparability$log.p[[ref]][[test]][, -1, drop = FALSE],
+ mp$referenceSeparability$log.pBonf[[ref]][[test]][, -1, drop = FALSE],
+ mp$testSeparability$Z[[ref]][[test]][, -1, drop = FALSE],
+ mp$testSeparability$log.p[[ref]][[test]][, -1, drop = FALSE],
+ mp$testSeparability$log.pBonf[[ref]][[test]][, -1, drop = FALSE]
+ )
+ # Add the table to the main table.
+ if (is.null(summaryTable)) summaryTable = tab else summaryTable = rbind(summaryTable, tab);
+ }
> # Save the table in csv format.
> write.table(summaryTable, file = "LowHigh-lowSpecific-completeResults.csv", row.names = FALSE,
+ sep = ",", quote = FALSE);
> 
> #install.packages("flashClust")
> library(flashClust)
> nSets
[1] 2
> #Marcin´s dendograms
> dendrograms = list(geneTree_low, geneTree_high)
> 
> # Calculate the contingency table and p-values
> overlap = overlapTable(unlist(colorList_refhigh[2])[inNetwork], unlist(colorList_refhigh[1])[inNetwork]) #changed 2001
> # The numMat will encode color. We use -log of the p value.
> numMat = -log10(overlap$pTable)
> numMat[numMat >50] = 50
> # Prepare for generating a color-coded plot of the overlap table. The text of the table will consist of
> # counts and corresponding p-values.
> textMat = paste(overlap$countTable, "\n", signif(overlap$pTable, 2))
> dim(textMat) = dim(numMat)
> # Additional information for the plot. These will be used shortly.
> xLabels = paste("M", sort(unique(unlist(colorList_refhigh[1]))))
> yLabels = paste("M", sort(unique(unlist(colorList_refhigh[2]))))
> xSymbols = paste(sort(unique(unlist(colorList_refhigh[1]))), ": ", table(unlist(colorList_refhigh[1][inNetwork])), sep = "")
> ySymbols = paste(sort(unique(unlist(colorList_refhigh[2]))), ": ", table(unlist(colorList_refhigh[2][inNetwork])), sep = "")
> 
> ### Figure 3 publication
> pdf("2001_MotivationFigure-dendrosAndTable.pdf")
> fp = TRUE
> layout(matrix(c(1,2,5, 3,4,5), 3, 2),
+        heights = c(3, 1, 5.5), widths = c(1, 1));
> par(mgp = c(3, 1, 0))
> plotDendroAndColors(dendrograms[[2]],
+                     cbind(unlist(colorList_refhigh[2])[inNetwork], unlist(colorList_refhigh[1])[inNetwork]),
+                     c("High P modules", "Low P modules"),
+                     setLayout = FALSE,
+                     marAll = c(1, 6, 2.7, 0.2),
+                     addGuide = FALSE,
+                     main = "A. High P dendrogram\nand module colors", cex.main = 1.2,
+                     dendroLabels = FALSE, hang = 0.03, cex.colorLabels = 0.7, abHeight = 0.8, 
+                     ylim = c(0.5,1))
> 
> par(mgp = c(3, 1, 0))
> plotDendroAndColors(dendrograms[[1]],
+                     cbind(unlist(colorList_reflow[1])[inNetwork], unlist(colorList_reflow[2])[inNetwork]), # [1] is low and [2] is high
+                     c("Low P modules", "High P modules"),
+                     setLayout = FALSE,
+                     marAll = c(1, 6, 2.7, 0.2),
+                     addGuide = FALSE,
+                     main = "B. Low P dendrogram\nand module colors", cex.main = 1.2,
+                     dendroLabels = FALSE, hang = 0.03, cex.colorLabels = 0.7, abHeight = 0.8, 
+                     ylim = c(0.5,1))
> 
> 
> 
> # Plot the overlap table
> fcex = 0.4
> pcex = 0.4
> fcexl = 1.00
> pcexl = 1.00
> par(mar = c(6, 7, 2, 1.0))
> labeledHeatmap(Matrix = numMat,
+                xLabels = xLabels, xSymbols = xSymbols,
+                yLabels = yLabels, ySymbols = ySymbols,
+                colorLabels = TRUE,
+                colors = greenWhiteRed(100)[50:100],
+                textMatrix = textMat, cex.text = if (fp) fcex else pcex, setStdMargins = FALSE,
+                cex.lab = if (fp) fcexl else pcexl,
+                xColorWidth = 0.08,
+                main = "C. High modules (rows) vs. Low modules (columns)", cex.main = 1.2)
Warning message:
In greenWhiteRed(100) :
  WGCNA::greenWhiteRed: this palette is not suitable for people
with green-red color blindness (the most common kind of color blindness).
Consider using the function blueWhiteRed instead.
> dev.off()
null device 
          1 
> 
> 
> proc.time()
     user    system   elapsed 
4045228.5  152339.4  641985.1 
